0x81ae0 N 0x81ae4
0x6a5a550 N 0x6a5a554
0x5b304c N 0x5b3050
0xc47d8c N 0xc47d90
0x1b4 N 0x1b8
0x6a5a550 N 0x6a5a554
0x81ae0 N 0x81ae4
0x6b7c4 N 0x6b7c8
0xca6616c N 0xca66170
0x24a8398c N 0x24a83990
0xa08 N 0xa0c
0xd864438 N 0xd86443c
0x6b7c4 T 0x2fe2bc
