0xa448 N 0xa44c
0xf3d0c4 N 0xf3d0c8
0x4ad04 N 0x4ad08
0x927e2538 N 0x927e253c
0x927e2538 N 0x927e253c
0xf3d0c4 N 0xf3d0c8
0xc8e44ac N 0xc8e44b0
0x927e2538 N 0x927e253c
0xf3d0c4 N 0xf3d0c8
0xf3d0c4 N 0xf3d0c8
0xf3d0c4 N 0xf3d0c8
0xf3d0c4 N 0xf3d0c8
0xf3d0c4 N 0xf3d0c8
0xbd169650 N 0xbd169654
0xa448 N 0xa44c
0x4ad04 N 0x4ad08
0xbd169650 N 0xbd169654
0xf3d0c4 N 0xf3d0c8
0x4ad04 N 0x4ad08
0x927e2538 N 0x927e253c
0x927e2538 N 0x927e253c
0xbd169650 N 0xbd169654
0xf3d0c4 N 0xf3d0c8
0x4ad04 N 0x4ad08
0xa448 N 0xa44c
0xf3d0c4 N 0xf3d0c8
0xc8e44ac N 0xc8e44b0
0xbd169650 N 0xbd169654
0xc8e44ac N 0xc8e44b0
0x4ad04 N 0x4ad08
0xbd169650 N 0xbd169654
0x4ad04 N 0x4ad08
0x4ad04 N 0x4ad08
0xbd169650 N 0xbd169654
0xf3d0c4 N 0xf3d0c8
0x4ad04 N 0x4ad08
0x4ad04 N 0x4ad08
0x927e2538 N 0x927e253c
0xbd169650 N 0xbd169654
0x927e2538 N 0x927e253c
0x927e2538 N 0x927e253c
0xc8e44ac N 0xc8e44b0
0xc8e44ac N 0xc8e44b0
0x4ad04 N 0x4ad08
0xf3d0c4 N 0xf3d0c8
0xbd169650 N 0xbd169654
0xa448 N 0xa44c
0x4ad04 N 0x4ad08
0xc8e44ac N 0xc8e44b0
0xf3d0c4 N 0xf3d0c8
0xf3d0c4 T 0x1ce5cc
0xc8e44ac N 0xc8e44b0
0x4ad04 N 0x4ad08
0xbd169650 N 0xbd169654
0xc8e44ac N 0xc8e44b0
0xc8e44ac N 0xc8e44b0
0xf3d0c4 N 0xf3d0c8
0x4ad04 N 0x4ad08
0xc8e44ac N 0xc8e44b0
0xf3d0c4 N 0xf3d0c8
0xc8e44ac N 0xc8e44b0
0xc8e44ac T 0x780
0x927e2538 N 0x927e253c
0x4ad04 N 0x4ad08
0xf3d0c4 N 0xf3d0c8
0xf3d0c4 N 0xf3d0c8
0xc8e44ac N 0xc8e44b0
0xc8e44ac T 0x780
0xa448 N 0xa44c
0x927e2538 N 0x927e253c
0x4ad04 N 0x4ad08
0x4ad04 N 0x4ad08
0x927e2538 N 0x927e253c
0xc8e44ac N 0xc8e44b0
0x927e2538 N 0x927e253c
0xc8e44ac T 0x780
0xc8e44ac N 0xc8e44b0
0xa448 N 0xa44c
0x927e2538 N 0x927e253c
0x927e2538 N 0x927e253c
0xa448 N 0xa44c
0xf3d0c4 N 0xf3d0c8
0x4ad04 N 0x4ad08
0xc8e44ac N 0xc8e44b0
0x927e2538 N 0x927e253c
0xf3d0c4 N 0xf3d0c8
0xc8e44ac N 0xc8e44b0
0x4ad04 N 0x4ad08
0xf3d0c4 N 0xf3d0c8
0xa448 N 0xa44c
0x927e2538 N 0x927e253c
0x927e2538 N 0x927e253c
0x4ad04 N 0x4ad08
0x927e2538 N 0x927e253c
0xa448 N 0xa44c
0x4ad04 N 0x4ad08
0x927e2538 N 0x927e253c
0xf3d0c4 N 0xf3d0c8
0x4ad04 N 0x4ad08
0x927e2538 T 0x403e8
0xbd169650 N 0xbd169654
0xc8e44ac N 0xc8e44b0
0x4ad04 N 0x4ad08
0xf3d0c4 N 0xf3d0c8
0x4ad04 N 0x4ad08
0xa448 N 0xa44c
0xa448 N 0xa44c
0xbd169650 N 0xbd169654
0xbd169650 T 0xd18
0xa448 N 0xa44c
0xf3d0c4 N 0xf3d0c8
0xf3d0c4 N 0xf3d0c8
0xbd169650 N 0xbd169654
0xbd169650 N 0xbd169654
0x4ad04 N 0x4ad08
0xbd169650 N 0xbd169654
0xbd169650 N 0xbd169654
0xc8e44ac N 0xc8e44b0
0xbd169650 T 0xd18
0x4ad04 N 0x4ad08
0xf3d0c4 N 0xf3d0c8
0x4ad04 N 0x4ad08
0x4ad04 N 0x4ad08
0xbd169650 N 0xbd169654
0xf3d0c4 N 0xf3d0c8
0x4ad04 N 0x4ad08
0xc8e44ac N 0xc8e44b0
0xbd169650 T 0xd18
0x4ad04 N 0x4ad08
0x927e2538 N 0x927e253c
0xf3d0c4 N 0xf3d0c8
0x927e2538 N 0x927e253c
0xc8e44ac N 0xc8e44b0
0x4ad04 N 0x4ad08
0xf3d0c4 N 0xf3d0c8
0xf3d0c4 N 0xf3d0c8
0x927e2538 T 0x403e8
0xbd169650 N 0xbd169654
0xf3d0c4 N 0xf3d0c8
0xbd169650 T 0xd18
0xa448 N 0xa44c
0xc8e44ac N 0xc8e44b0
0x4ad04 N 0x4ad08
0xc8e44ac N 0xc8e44b0
0x927e2538 N 0x927e253c
0x4ad04 N 0x4ad08
0xa448 N 0xa44c
0xbd169650 N 0xbd169654
0x4ad04 N 0x4ad08
0xc8e44ac N 0xc8e44b0
0x927e2538 N 0x927e253c
0xc8e44ac T 0x780
0xc8e44ac N 0xc8e44b0
0xbd169650 N 0xbd169654
0xf3d0c4 N 0xf3d0c8
0xc8e44ac N 0xc8e44b0
0xc8e44ac N 0xc8e44b0
0x4ad04 N 0x4ad08
0x927e2538 N 0x927e253c
0xa448 N 0xa44c
0xbd169650 N 0xbd169654
0xbd169650 T 0xd18
0xbd169650 N 0xbd169654
0xa448 N 0xa44c
0xf3d0c4 N 0xf3d0c8
0xf3d0c4 N 0xf3d0c8
0xf3d0c4 N 0xf3d0c8
0xf3d0c4 N 0xf3d0c8
0x4ad04 N 0x4ad08
0xa448 T 0x2364ae80
0xa448 T 0x2364ae80
0xbd169650 N 0xbd169654
0x4ad04 N 0x4ad08
0xc8e44ac N 0xc8e44b0
0xbd169650 T 0xd18
0xf3d0c4 N 0xf3d0c8
0xa448 N 0xa44c
0xbd169650 N 0xbd169654
0xbd169650 N 0xbd169654
0xa448 N 0xa44c
0xbd169650 N 0xbd169654
0xbd169650 N 0xbd169654
0xbd169650 T 0xd18
0xf3d0c4 T 0x1ce5cc
0xf3d0c4 N 0xf3d0c8
0x4ad04 N 0x4ad08
0xc8e44ac N 0xc8e44b0
0xa448 N 0xa44c
0xa448 T 0x2364ae80
0xc8e44ac N 0xc8e44b0
0xf3d0c4 N 0xf3d0c8
0xa448 T 0x2364ae80
0xa448 T 0x2364ae80
0xf3d0c4 N 0xf3d0c8
0xa448 N 0xa44c
0xc8e44ac N 0xc8e44b0
0xc8e44ac N 0xc8e44b0
0x927e2538 N 0x927e253c
0xa448 N 0xa44c
0xbd169650 N 0xbd169654
0x4ad04 N 0x4ad08
0xbd169650 T 0xd18
0xc8e44ac N 0xc8e44b0
0x927e2538 N 0x927e253c
0xbd169650 N 0xbd169654
0xc8e44ac T 0x780
0x4ad04 N 0x4ad08
0x927e2538 N 0x927e253c
0xc8e44ac N 0xc8e44b0
0xc8e44ac T 0x780
0xa448 N 0xa44c
0xa448 N 0xa44c
0x4ad04 N 0x4ad08
0xa448 N 0xa44c
0xf3d0c4 N 0xf3d0c8
0xa448 N 0xa44c
0xc8e44ac N 0xc8e44b0
0xf3d0c4 N 0xf3d0c8
0x4ad04 N 0x4ad08
0x927e2538 N 0x927e253c
0x927e2538 N 0x927e253c
0x4ad04 N 0x4ad08
0xbd169650 N 0xbd169654
0xbd169650 T 0xd18
0xf3d0c4 N 0xf3d0c8
0xa448 N 0xa44c
0xa448 N 0xa44c
0xbd169650 N 0xbd169654
0xf3d0c4 N 0xf3d0c8
0xf3d0c4 T 0x1ce5cc
0xc8e44ac N 0xc8e44b0
0xf3d0c4 N 0xf3d0c8
0xc8e44ac N 0xc8e44b0
0xc8e44ac T 0x780
0x4ad04 N 0x4ad08
0xbd169650 T 0xd18
flush_num: 126, br_num: 236, size: 168b
