0xae8 N 0xaec
0x9a8 N 0x9ac
0x8a8 N 0x8ac
0xe774 N 0xe778
0x8a8 N 0x8ac
0x9a8 N 0x9ac
0x9a8 N 0x9ac
0x498df8 N 0x498dfc
0x8a8 N 0x8ac
0x87e0 N 0x87e4
0x535f6c N 0x535f70
0x9a8 N 0x9ac
0x8a8 N 0x8ac
0x6bc N 0x6c0
0x1c22b518 N 0x1c22b51c
0xd6394 N 0xd6398
0x535f6c N 0x535f70
0x498df8 N 0x498dfc
0x87e0 N 0x87e4
0xd6394 N 0xd6398
0xbd84 N 0xbd88
0x498df8 N 0x498dfc
0xae8 N 0xaec
0x9a8 N 0x9ac
0x8a8 N 0x8ac
0xd6394 N 0xd6398
0xd6394 N 0xd6398
0x1c22b518 N 0x1c22b51c
0xd6394 N 0xd6398
0x9a8 N 0x9ac
0x6bc N 0x6c0
0x87e0 N 0x87e4
0xbd84 N 0xbd88
0x8a8 N 0x8ac
0x1c22b518 N 0x1c22b51c
0x6bc N 0x6c0
0xbd84 N 0xbd88
0x535f6c N 0x535f70
0x87e0 N 0x87e4
0x6bc N 0x6c0
0x4a0 N 0x4a4
0x79d0ca4 N 0x79d0ca8
0x535f6c N 0x535f70
0x8a8 N 0x8ac
0x535f6c N 0x535f70
0x6bc N 0x6c0
0x8a8 N 0x8ac
0xae8 N 0xaec
0x87e0 N 0x87e4
0x535f6c N 0x535f70
0xae8 N 0xaec
0xae8 N 0xaec
0x6bc N 0x6c0
0x6bc N 0x6c0
0x4a0 N 0x4a4
0x8a8 N 0x8ac
0x79d0ca4 N 0x79d0ca8
0xbd84 N 0xbd88
0x9a8 N 0x9ac
0xd6394 N 0xd6398
0x535f6c N 0x535f70
0xd6394 N 0xd6398
0x87e0 N 0x87e4
0xd6394 N 0xd6398
0x79d0ca4 N 0x79d0ca8
0xae8 N 0xaec
0xe774 N 0xe778
0x9a8 N 0x9ac
0x9a8 T 0x67270
0xae8 N 0xaec
0x535f6c N 0x535f70
0xe774 N 0xe778
0x4a0 N 0x4a4
0x6bc N 0x6c0
0xe774 N 0xe778
0x79d0ca4 N 0x79d0ca8
0xae8 N 0xaec
0xae8 N 0xaec
0x535f6c N 0x535f70
0x498df8 N 0x498dfc
0x8a8 N 0x8ac
0xe774 N 0xe778
0xae8 N 0xaec
0xd6394 N 0xd6398
0xd6394 N 0xd6398
0x1c22b518 N 0x1c22b51c
0x535f6c N 0x535f70
0x535f6c N 0x535f70
0x79d0ca4 N 0x79d0ca8
0x8a8 N 0x8ac
0x498df8 N 0x498dfc
0x8a8 N 0x8ac
0x4a0 N 0x4a4
0x1c22b518 N 0x1c22b51c
0xd6394 N 0xd6398
0x498df8 N 0x498dfc
0x1c22b518 N 0x1c22b51c
0xae8 N 0xaec
0x8a8 N 0x8ac
0x87e0 N 0x87e4
0x1c22b518 N 0x1c22b51c
0x9a8 N 0x9ac
0x4a0 N 0x4a4
0x6bc N 0x6c0
0x79d0ca4 N 0x79d0ca8
0xae8 N 0xaec
0xae8 T 0x2ef0
0x498df8 N 0x498dfc
0x1c22b518 N 0x1c22b51c
0xae8 N 0xaec
0x6bc N 0x6c0
0x87e0 N 0x87e4
0x1c22b518 N 0x1c22b51c
0xe774 N 0xe778
0x87e0 N 0x87e4
0x498df8 N 0x498dfc
0x8a8 N 0x8ac
0x79d0ca4 N 0x79d0ca8
0x1c22b518 N 0x1c22b51c
0xd6394 N 0xd6398
0xbd84 N 0xbd88
0x4a0 N 0x4a4
0xd6394 N 0xd6398
0xe774 N 0xe778
0x79d0ca4 N 0x79d0ca8
0x1c22b518 N 0x1c22b51c
0x79d0ca4 N 0x79d0ca8
0x1c22b518 N 0x1c22b51c
0x8a8 N 0x8ac
0x8a8 T 0xbd894
0x79d0ca4 N 0x79d0ca8
0x87e0 N 0x87e4
0xbd84 N 0xbd88
0x87e0 N 0x87e4
0x79d0ca4 N 0x79d0ca8
0xd6394 N 0xd6398
0x8a8 N 0x8ac
0x535f6c N 0x535f70
0x535f6c N 0x535f70
0x87e0 N 0x87e4
0xae8 N 0xaec
0x498df8 N 0x498dfc
0x87e0 N 0x87e4
0x6bc N 0x6c0
0x4a0 N 0x4a4
0x87e0 N 0x87e4
0x9a8 N 0x9ac
0x79d0ca4 N 0x79d0ca8
0x6bc N 0x6c0
0x87e0 N 0x87e4
0x498df8 N 0x498dfc
0x87e0 N 0x87e4
0x87e0 N 0x87e4
0x9a8 N 0x9ac
0x79d0ca4 N 0x79d0ca8
0xe774 N 0xe778
0xd6394 N 0xd6398
0x79d0ca4 N 0x79d0ca8
0x9a8 N 0x9ac
0xe774 N 0xe778
0xbd84 N 0xbd88
0x1c22b518 N 0x1c22b51c
0x1c22b518 N 0x1c22b51c
0x498df8 N 0x498dfc
0x4a0 N 0x4a4
0xd6394 N 0xd6398
0x9a8 N 0x9ac
0x498df8 N 0x498dfc
0x6bc N 0x6c0
0x8a8 N 0x8ac
0x4a0 N 0x4a4
0x8a8 N 0x8ac
0x1c22b518 N 0x1c22b51c
0x9a8 N 0x9ac
0x79d0ca4 N 0x79d0ca8
0x79d0ca4 N 0x79d0ca8
0xe774 N 0xe778
0x8a8 N 0x8ac
0x535f6c N 0x535f70
0xae8 N 0xaec
0x1c22b518 N 0x1c22b51c
0xbd84 N 0xbd88
0x535f6c N 0x535f70
0xd6394 N 0xd6398
0x8a8 N 0x8ac
0x6bc N 0x6c0
0x4a0 N 0x4a4
0xae8 N 0xaec
0x498df8 N 0x498dfc
0xbd84 N 0xbd88
0xe774 N 0xe778
0x1c22b518 N 0x1c22b51c
0x79d0ca4 N 0x79d0ca8
0x87e0 N 0x87e4
0x79d0ca4 N 0x79d0ca8
0x535f6c N 0x535f70
0x1c22b518 N 0x1c22b51c
0x535f6c N 0x535f70
0xae8 N 0xaec
0x6bc N 0x6c0
0x79d0ca4 N 0x79d0ca8
0xe774 N 0xe778
0x87e0 N 0x87e4
0x8a8 N 0x8ac
0x498df8 N 0x498dfc
0x498df8 N 0x498dfc
0x4a0 N 0x4a4
0xae8 N 0xaec
0xae8 N 0xaec
0xbd84 N 0xbd88
0x535f6c N 0x535f70
0x8a8 N 0x8ac
0x9a8 N 0x9ac
0x79d0ca4 N 0x79d0ca8
0x6bc N 0x6c0
0x8a8 N 0x8ac
0xd6394 N 0xd6398
0x1c22b518 N 0x1c22b51c
0xe774 N 0xe778
0x4a0 N 0x4a4
0x87e0 N 0x87e4
0x1c22b518 N 0x1c22b51c
0x79d0ca4 N 0x79d0ca8
0x79d0ca4 T 0x4
0x87e0 N 0x87e4
0x8a8 N 0x8ac
0x79d0ca4 N 0x79d0ca8
0xbd84 N 0xbd88
0x79d0ca4 N 0x79d0ca8
0x4a0 N 0x4a4
0xbd84 N 0xbd88
0xbd84 T 0x7859244
0x535f6c N 0x535f70
0x535f6c N 0x535f70
0x498df8 N 0x498dfc
0x498df8 T 0x1eabbde8
0x498df8 N 0x498dfc
0x8a8 N 0x8ac
0x498df8 N 0x498dfc
0x498df8 N 0x498dfc
0x79d0ca4 N 0x79d0ca8
0xae8 N 0xaec
0x87e0 N 0x87e4
0x87e0 N 0x87e4
0xe774 N 0xe778
0x79d0ca4 N 0x79d0ca8
0x498df8 N 0x498dfc
0xe774 N 0xe778
0x1c22b518 N 0x1c22b51c
0x4a0 N 0x4a4
0xe774 N 0xe778
0xbd84 N 0xbd88
0x79d0ca4 N 0x79d0ca8
0xd6394 N 0xd6398
0x8a8 N 0x8ac
0x1c22b518 N 0x1c22b51c
0xd6394 N 0xd6398
0x498df8 N 0x498dfc
0xbd84 N 0xbd88
0x4a0 N 0x4a4
0x6bc N 0x6c0
0x498df8 N 0x498dfc
0x9a8 N 0x9ac
0xe774 N 0xe778
0x535f6c N 0x535f70
0x6bc N 0x6c0
0x9a8 N 0x9ac
0x87e0 N 0x87e4
0x8a8 N 0x8ac
0x535f6c N 0x535f70
0x79d0ca4 N 0x79d0ca8
0x79d0ca4 N 0x79d0ca8
0xae8 N 0xaec
0x9a8 N 0x9ac
0xae8 N 0xaec
0x9a8 N 0x9ac
0x9a8 T 0x67270
0x535f6c N 0x535f70
0x498df8 N 0x498dfc
0xbd84 N 0xbd88
0x498df8 N 0x498dfc
0xe774 N 0xe778
0x8a8 N 0x8ac
0x8a8 N 0x8ac
0x6bc N 0x6c0
0x87e0 N 0x87e4
0x79d0ca4 N 0x79d0ca8
0xae8 N 0xaec
0x79d0ca4 N 0x79d0ca8
0xe774 N 0xe778
0xae8 N 0xaec
0x498df8 N 0x498dfc
0xbd84 N 0xbd88
0xe774 N 0xe778
0x1c22b518 N 0x1c22b51c
0x4a0 N 0x4a4
0xae8 N 0xaec
0x4a0 N 0x4a4
0x6bc N 0x6c0
0x4a0 N 0x4a4
0x79d0ca4 N 0x79d0ca8
0x87e0 N 0x87e4
0x498df8 N 0x498dfc
0x535f6c N 0x535f70
0x87e0 N 0x87e4
0x1c22b518 N 0x1c22b51c
0x6bc N 0x6c0
0x498df8 N 0x498dfc
0x4a0 N 0x4a4
0x8a8 N 0x8ac
0x9a8 N 0x9ac
0xd6394 N 0xd6398
0x535f6c N 0x535f70
0xbd84 N 0xbd88
0x79d0ca4 N 0x79d0ca8
0x8a8 N 0x8ac
0xae8 N 0xaec
0xae8 T 0x2ef0
0xd6394 N 0xd6398
0xbd84 N 0xbd88
0x79d0ca4 N 0x79d0ca8
0x6bc N 0x6c0
0x9a8 N 0x9ac
0xd6394 N 0xd6398
0xbd84 N 0xbd88
0x535f6c N 0x535f70
0x1c22b518 N 0x1c22b51c
0x87e0 N 0x87e4
0x87e0 N 0x87e4
0x4a0 N 0x4a4
0xae8 N 0xaec
0xd6394 N 0xd6398
0x498df8 N 0x498dfc
0xbd84 N 0xbd88
0x79d0ca4 N 0x79d0ca8
0xbd84 N 0xbd88
0xe774 N 0xe778
0xbd84 N 0xbd88
0xae8 N 0xaec
0xbd84 N 0xbd88
0xd6394 N 0xd6398
0xe774 N 0xe778
0x87e0 N 0x87e4
0x8a8 N 0x8ac
0x535f6c N 0x535f70
0xe774 N 0xe778
0x79d0ca4 N 0x79d0ca8
0x498df8 N 0x498dfc
0x4a0 N 0x4a4
0x9a8 N 0x9ac
0x4a0 N 0x4a4
0x6bc N 0x6c0
0x535f6c N 0x535f70
0x8a8 N 0x8ac
0x498df8 N 0x498dfc
0x87e0 N 0x87e4
0x8a8 N 0x8ac
0x498df8 N 0x498dfc
0x4a0 N 0x4a4
0x8a8 N 0x8ac
0xe774 N 0xe778
0xbd84 N 0xbd88
0x535f6c N 0x535f70
0xd6394 N 0xd6398
0xd6394 T 0x50898
0x8a8 N 0x8ac
0xd6394 N 0xd6398
0x79d0ca4 N 0x79d0ca8
0x8a8 N 0x8ac
0x79d0ca4 N 0x79d0ca8
0xd6394 N 0xd6398
0x79d0ca4 N 0x79d0ca8
0x1c22b518 N 0x1c22b51c
0xae8 N 0xaec
0xbd84 N 0xbd88
0xe774 N 0xe778
0xae8 N 0xaec
0x8a8 N 0x8ac
0xbd84 N 0xbd88
0x535f6c N 0x535f70
0xae8 N 0xaec
0x498df8 N 0x498dfc
0x4a0 N 0x4a4
0x9a8 N 0x9ac
0x4a0 N 0x4a4
0x8a8 N 0x8ac
0xbd84 N 0xbd88
0xbd84 T 0x7859244
0x6bc N 0x6c0
0x4a0 N 0x4a4
0xe774 N 0xe778
0xe774 T 0x3d34
0x1c22b518 N 0x1c22b51c
0x535f6c N 0x535f70
0xe774 N 0xe778
0x535f6c N 0x535f70
0x9a8 N 0x9ac
0x4a0 N 0x4a4
0xae8 N 0xaec
0x1c22b518 N 0x1c22b51c
0x498df8 N 0x498dfc
0xae8 N 0xaec
0x1c22b518 N 0x1c22b51c
0x1c22b518 N 0x1c22b51c
0x4a0 N 0x4a4
0x498df8 N 0x498dfc
0x87e0 N 0x87e4
0x8a8 N 0x8ac
0x498df8 N 0x498dfc
0x8a8 N 0x8ac
0x8a8 T 0xbd894
0x4a0 N 0x4a4
0x79d0ca4 N 0x79d0ca8
0xd6394 N 0xd6398
0xae8 N 0xaec
0x6bc N 0x6c0
0x87e0 N 0x87e4
0x498df8 N 0x498dfc
0xd6394 N 0xd6398
0x87e0 N 0x87e4
0x87e0 N 0x87e4
0x4a0 N 0x4a4
0xbd84 N 0xbd88
0xe774 N 0xe778
0xe774 N 0xe778
0x4a0 N 0x4a4
0x6bc N 0x6c0
0xe774 N 0xe778
0x8a8 N 0x8ac
0xe774 N 0xe778
0x1c22b518 N 0x1c22b51c
0x79d0ca4 N 0x79d0ca8
0x79d0ca4 T 0x4
0xbd84 N 0xbd88
0x4a0 N 0x4a4
0x1c22b518 N 0x1c22b51c
0xd6394 N 0xd6398
0x87e0 N 0x87e4
0x1c22b518 N 0x1c22b51c
0xbd84 N 0xbd88
0xe774 N 0xe778
0x535f6c N 0x535f70
0xbd84 N 0xbd88
0x535f6c N 0x535f70
0x1c22b518 N 0x1c22b51c
0x9a8 N 0x9ac
0x535f6c N 0x535f70
0x535f6c N 0x535f70
0xe774 N 0xe778
0x79d0ca4 N 0x79d0ca8
0x9a8 N 0x9ac
0xbd84 N 0xbd88
0xd6394 N 0xd6398
0xbd84 N 0xbd88
0x4a0 N 0x4a4
0xd6394 N 0xd6398
0xbd84 N 0xbd88
0x87e0 N 0x87e4
0xbd84 N 0xbd88
0xbd84 T 0x7859244
0x1c22b518 N 0x1c22b51c
0x8a8 N 0x8ac
0x9a8 N 0x9ac
0xbd84 N 0xbd88
0x498df8 N 0x498dfc
0xae8 N 0xaec
0x535f6c N 0x535f70
0x6bc N 0x6c0
0xae8 N 0xaec
0x9a8 N 0x9ac
0x1c22b518 N 0x1c22b51c
0x9a8 N 0x9ac
0xbd84 N 0xbd88
0xae8 N 0xaec
0x4a0 N 0x4a4
0x6bc N 0x6c0
0xe774 N 0xe778
0xe774 N 0xe778
0xd6394 N 0xd6398
0xe774 N 0xe778
0xbd84 N 0xbd88
0x87e0 N 0x87e4
0xae8 N 0xaec
0xbd84 N 0xbd88
0x535f6c N 0x535f70
0x8a8 N 0x8ac
0x79d0ca4 N 0x79d0ca8
0x6bc N 0x6c0
0x9a8 N 0x9ac
0x1c22b518 N 0x1c22b51c
0x4a0 N 0x4a4
0xae8 N 0xaec
0xbd84 N 0xbd88
0x79d0ca4 N 0x79d0ca8
0x1c22b518 N 0x1c22b51c
0xd6394 N 0xd6398
0xbd84 N 0xbd88
0x1c22b518 N 0x1c22b51c
0xd6394 N 0xd6398
0x79d0ca4 N 0x79d0ca8
0x8a8 N 0x8ac
0x87e0 N 0x87e4
0xae8 N 0xaec
0x535f6c N 0x535f70
0x87e0 N 0x87e4
0xbd84 N 0xbd88
0x6bc N 0x6c0
0x87e0 N 0x87e4
0xae8 N 0xaec
0x6bc N 0x6c0
0xae8 N 0xaec
0xbd84 N 0xbd88
0x87e0 N 0x87e4
0x4a0 N 0x4a4
0x1c22b518 N 0x1c22b51c
0x6bc N 0x6c0
0x498df8 N 0x498dfc
0xbd84 N 0xbd88
0x9a8 N 0x9ac
0x87e0 N 0x87e4
0x79d0ca4 N 0x79d0ca8
0xe774 N 0xe778
0xe774 N 0xe778
0x79d0ca4 N 0x79d0ca8
0x87e0 N 0x87e4
0x535f6c N 0x535f70
0xae8 N 0xaec
0xe774 N 0xe778
0x4a0 N 0x4a4
0x8a8 N 0x8ac
0x87e0 N 0x87e4
0xd6394 N 0xd6398
0x6bc N 0x6c0
0xd6394 N 0xd6398
0xe774 N 0xe778
0x1c22b518 N 0x1c22b51c
0x535f6c N 0x535f70
0x87e0 N 0x87e4
0x535f6c N 0x535f70
0x6bc N 0x6c0
0x8a8 N 0x8ac
0x9a8 N 0x9ac
0x498df8 N 0x498dfc
0x87e0 N 0x87e4
0x8a8 N 0x8ac
0x8a8 T 0xbd894
0xae8 N 0xaec
0xae8 T 0x2ef0
0x87e0 N 0x87e4
0x1c22b518 N 0x1c22b51c
0x498df8 N 0x498dfc
0xbd84 N 0xbd88
0x498df8 N 0x498dfc
0x1c22b518 N 0x1c22b51c
0x535f6c N 0x535f70
0xe774 N 0xe778
0xe774 N 0xe778
0xae8 N 0xaec
0x4a0 N 0x4a4
0x535f6c N 0x535f70
0x4a0 N 0x4a4
0xd6394 N 0xd6398
0x87e0 N 0x87e4
0x8a8 N 0x8ac
0xae8 N 0xaec
0xe774 N 0xe778
0xe774 N 0xe778
0x9a8 N 0x9ac
0xbd84 N 0xbd88
0xe774 N 0xe778
0x9a8 N 0x9ac
0x4a0 N 0x4a4
0x79d0ca4 N 0x79d0ca8
0x498df8 N 0x498dfc
0x87e0 N 0x87e4
0x6bc N 0x6c0
0x535f6c N 0x535f70
0x6bc N 0x6c0
0x8a8 N 0x8ac
0x535f6c N 0x535f70
0x79d0ca4 N 0x79d0ca8
0x87e0 N 0x87e4
0x9a8 N 0x9ac
0x4a0 N 0x4a4
0x6bc N 0x6c0
0xae8 N 0xaec
0x1c22b518 N 0x1c22b51c
0x498df8 N 0x498dfc
0x535f6c N 0x535f70
0x1c22b518 N 0x1c22b51c
0x535f6c N 0x535f70
0xbd84 N 0xbd88
0x8a8 N 0x8ac
0x4a0 N 0x4a4
0x79d0ca4 N 0x79d0ca8
0x6bc N 0x6c0
0x535f6c N 0x535f70
0xae8 N 0xaec
0xd6394 N 0xd6398
0x1c22b518 N 0x1c22b51c
0x6bc N 0x6c0
0x8a8 N 0x8ac
0x498df8 N 0x498dfc
0x498df8 T 0x1eabbde8
0x498df8 T 0x1eabbde8
0xbd84 N 0xbd88
0x6bc N 0x6c0
0xd6394 N 0xd6398
0xae8 N 0xaec
0x4a0 N 0x4a4
0xd6394 N 0xd6398
0xae8 N 0xaec
0xae8 N 0xaec
0xe774 N 0xe778
0xe774 T 0x3d34
0x498df8 N 0x498dfc
0x79d0ca4 N 0x79d0ca8
0xd6394 N 0xd6398
0x535f6c N 0x535f70
0x1c22b518 N 0x1c22b51c
0x6bc N 0x6c0
0x9a8 N 0x9ac
0x6bc N 0x6c0
0xbd84 N 0xbd88
0xe774 N 0xe778
0xe774 T 0x3d34
0x9a8 N 0x9ac
0xbd84 N 0xbd88
0x535f6c N 0x535f70
0xae8 N 0xaec
0x535f6c N 0x535f70
0x79d0ca4 N 0x79d0ca8
0x6bc N 0x6c0
0x1c22b518 N 0x1c22b51c
0x1c22b518 N 0x1c22b51c
0xd6394 N 0xd6398
0x535f6c N 0x535f70
0x87e0 N 0x87e4
0xe774 N 0xe778
0x87e0 N 0x87e4
0x4a0 N 0x4a4
0x498df8 N 0x498dfc
0xbd84 N 0xbd88
0xe774 N 0xe778
0xd6394 N 0xd6398
0xbd84 N 0xbd88
0x1c22b518 N 0x1c22b51c
0xbd84 N 0xbd88
0x79d0ca4 N 0x79d0ca8
0x4a0 N 0x4a4
0x6bc N 0x6c0
0x79d0ca4 N 0x79d0ca8
0xe774 N 0xe778
0x79d0ca4 N 0x79d0ca8
0xae8 N 0xaec
0x6bc N 0x6c0
0x4a0 N 0x4a4
0x6bc N 0x6c0
0x9a8 N 0x9ac
0xbd84 N 0xbd88
0x8a8 N 0x8ac
0xe774 N 0xe778
0x87e0 N 0x87e4
0x8a8 N 0x8ac
0x498df8 N 0x498dfc
0xbd84 N 0xbd88
0xd6394 N 0xd6398
0x79d0ca4 N 0x79d0ca8
0x9a8 N 0x9ac
0xbd84 N 0xbd88
0x4a0 N 0x4a4
0x4a0 N 0x4a4
0x79d0ca4 N 0x79d0ca8
0x4a0 N 0x4a4
0x8a8 N 0x8ac
0x87e0 N 0x87e4
0x4a0 N 0x4a4
0x6bc N 0x6c0
0x9a8 N 0x9ac
0x87e0 N 0x87e4
0xe774 N 0xe778
0x535f6c N 0x535f70
0xbd84 N 0xbd88
0xae8 N 0xaec
0x8a8 N 0x8ac
0xe774 N 0xe778
0x9a8 N 0x9ac
0xbd84 N 0xbd88
0xbd84 T 0x7859244
0x535f6c N 0x535f70
0x1c22b518 N 0x1c22b51c
0x79d0ca4 N 0x79d0ca8
0x8a8 N 0x8ac
0x8a8 T 0xbd894
0xbd84 N 0xbd88
0x535f6c N 0x535f70
0xd6394 N 0xd6398
0x1c22b518 N 0x1c22b51c
0x79d0ca4 N 0x79d0ca8
0x1c22b518 N 0x1c22b51c
0xe774 N 0xe778
0x87e0 N 0x87e4
0x4a0 N 0x4a4
0xe774 N 0xe778
0xe774 T 0x3d34
0x8a8 N 0x8ac
0x4a0 N 0x4a4
0x6bc N 0x6c0
0x9a8 N 0x9ac
0x9a8 T 0x67270
0x8a8 N 0x8ac
0x6bc N 0x6c0
0x4a0 N 0x4a4
0x535f6c N 0x535f70
0x498df8 N 0x498dfc
0xe774 N 0xe778
0x9a8 N 0x9ac
0xae8 N 0xaec
0x8a8 N 0x8ac
0x8a8 T 0xbd894
0x79d0ca4 N 0x79d0ca8
0x6bc N 0x6c0
0xe774 N 0xe778
0xbd84 N 0xbd88
0x6bc N 0x6c0
0xe774 N 0xe778
0x8a8 N 0x8ac
0x535f6c N 0x535f70
0x8a8 N 0x8ac
0xe774 N 0xe778
0x535f6c N 0x535f70
0x535f6c T 0x68a80b4
0x498df8 N 0x498dfc
0xe774 N 0xe778
0x8a8 N 0x8ac
0x87e0 N 0x87e4
0xe774 N 0xe778
0x6bc N 0x6c0
0x79d0ca4 N 0x79d0ca8
0x9a8 N 0x9ac
0x4a0 N 0x4a4
0x498df8 N 0x498dfc
0x79d0ca4 N 0x79d0ca8
0x8a8 N 0x8ac
0x6bc N 0x6c0
0xd6394 N 0xd6398
0x6bc N 0x6c0
0xae8 N 0xaec
0x9a8 N 0x9ac
0x498df8 N 0x498dfc
0x535f6c N 0x535f70
0x1c22b518 N 0x1c22b51c
0x4a0 N 0x4a4
0xbd84 N 0xbd88
0x79d0ca4 N 0x79d0ca8
0x8a8 N 0x8ac
0x9a8 N 0x9ac
0xbd84 N 0xbd88
0xd6394 N 0xd6398
0x79d0ca4 N 0x79d0ca8
0x79d0ca4 T 0x4
0x1c22b518 N 0x1c22b51c
0x4a0 N 0x4a4
0xd6394 N 0xd6398
0x4a0 N 0x4a4
0xd6394 N 0xd6398
0xbd84 N 0xbd88
0x498df8 N 0x498dfc
0x535f6c N 0x535f70
0x6bc N 0x6c0
0xbd84 N 0xbd88
0x8a8 N 0x8ac
0x8a8 N 0x8ac
0x87e0 N 0x87e4
0x79d0ca4 N 0x79d0ca8
0xe774 N 0xe778
0xbd84 N 0xbd88
0xae8 N 0xaec
0x8a8 N 0x8ac
0xbd84 N 0xbd88
0x8a8 N 0x8ac
0xd6394 N 0xd6398
0x498df8 N 0x498dfc
0x79d0ca4 N 0x79d0ca8
0x87e0 N 0x87e4
0x4a0 N 0x4a4
0xd6394 N 0xd6398
0x79d0ca4 N 0x79d0ca8
0x9a8 N 0x9ac
0xbd84 N 0xbd88
0x1c22b518 N 0x1c22b51c
0x1c22b518 T 0xe7dea404
0xe774 N 0xe778
0xe774 N 0xe778
0x535f6c N 0x535f70
0x535f6c N 0x535f70
0x535f6c T 0x68a80b4
0x8a8 N 0x8ac
0x8a8 N 0x8ac
0x1c22b518 N 0x1c22b51c
0xd6394 N 0xd6398
0xd6394 N 0xd6398
0x1c22b518 N 0x1c22b51c
0xd6394 N 0xd6398
0x1c22b518 N 0x1c22b51c
0x8a8 N 0x8ac
0x9a8 N 0x9ac
0x9a8 N 0x9ac
0x4a0 N 0x4a4
0x498df8 N 0x498dfc
0x87e0 N 0x87e4
0xbd84 N 0xbd88
0x498df8 N 0x498dfc
0xd6394 N 0xd6398
0x6bc N 0x6c0
0x498df8 N 0x498dfc
0xbd84 N 0xbd88
0x1c22b518 N 0x1c22b51c
0xe774 N 0xe778
0x87e0 N 0x87e4
0x4a0 N 0x4a4
0x498df8 N 0x498dfc
0x79d0ca4 N 0x79d0ca8
0x1c22b518 N 0x1c22b51c
0x1c22b518 N 0x1c22b51c
0xe774 N 0xe778
0x4a0 N 0x4a4
0x8a8 N 0x8ac
0x9a8 N 0x9ac
0x4a0 N 0x4a4
0xbd84 N 0xbd88
0xbd84 T 0x7859244
0x79d0ca4 N 0x79d0ca8
0x8a8 N 0x8ac
0x4a0 N 0x4a4
0x1c22b518 N 0x1c22b51c
0xbd84 N 0xbd88
0x498df8 N 0x498dfc
0x9a8 N 0x9ac
0xbd84 N 0xbd88
0x535f6c N 0x535f70
0xbd84 N 0xbd88
0x6bc N 0x6c0
0xae8 N 0xaec
0x9a8 N 0x9ac
0xae8 N 0xaec
0xd6394 N 0xd6398
0xe774 N 0xe778
0xd6394 N 0xd6398
0xd6394 N 0xd6398
0xd6394 N 0xd6398
0x498df8 N 0x498dfc
0xbd84 N 0xbd88
0x8a8 N 0x8ac
0x498df8 N 0x498dfc
0x79d0ca4 N 0x79d0ca8
0x87e0 N 0x87e4
0x4a0 N 0x4a4
0xe774 N 0xe778
0x1c22b518 N 0x1c22b51c
0x498df8 N 0x498dfc
0xbd84 N 0xbd88
0xae8 N 0xaec
0x1c22b518 N 0x1c22b51c
0x79d0ca4 N 0x79d0ca8
0xae8 N 0xaec
0xbd84 N 0xbd88
0x87e0 N 0x87e4
0xe774 N 0xe778
0x9a8 N 0x9ac
0x79d0ca4 N 0x79d0ca8
0xae8 N 0xaec
0x1c22b518 N 0x1c22b51c
0x535f6c N 0x535f70
0x498df8 N 0x498dfc
0xbd84 N 0xbd88
0x6bc N 0x6c0
0xbd84 N 0xbd88
0x1c22b518 N 0x1c22b51c
0xe774 N 0xe778
0xe774 N 0xe778
0x498df8 N 0x498dfc
0x4a0 N 0x4a4
0x87e0 N 0x87e4
0x9a8 N 0x9ac
0x79d0ca4 N 0x79d0ca8
0xae8 N 0xaec
0xbd84 N 0xbd88
0x4a0 N 0x4a4
0xae8 N 0xaec
0x79d0ca4 N 0x79d0ca8
0x498df8 N 0x498dfc
0x498df8 N 0x498dfc
0xbd84 N 0xbd88
0x4a0 N 0x4a4
0x9a8 N 0x9ac
0x4a0 N 0x4a4
0xbd84 N 0xbd88
0xbd84 N 0xbd88
0x9a8 N 0x9ac
0x1c22b518 N 0x1c22b51c
0x498df8 N 0x498dfc
0x9a8 N 0x9ac
0x498df8 N 0x498dfc
0x79d0ca4 N 0x79d0ca8
0x1c22b518 N 0x1c22b51c
0x4a0 N 0x4a4
0x6bc N 0x6c0
0x498df8 N 0x498dfc
0x8a8 N 0x8ac
0x1c22b518 N 0x1c22b51c
0x6bc N 0x6c0
0x4a0 N 0x4a4
0x9a8 N 0x9ac
0xd6394 N 0xd6398
0xd6394 N 0xd6398
0xae8 N 0xaec
0x79d0ca4 N 0x79d0ca8
0xbd84 N 0xbd88
0xbd84 N 0xbd88
0xe774 N 0xe778
0x535f6c N 0x535f70
0xbd84 N 0xbd88
0xae8 N 0xaec
0x87e0 N 0x87e4
0x79d0ca4 N 0x79d0ca8
0xe774 N 0xe778
0x6bc N 0x6c0
0xae8 N 0xaec
0xd6394 N 0xd6398
0x79d0ca4 N 0x79d0ca8
0x498df8 N 0x498dfc
0x8a8 N 0x8ac
0x535f6c N 0x535f70
0x498df8 N 0x498dfc
0xe774 N 0xe778
0x8a8 N 0x8ac
0xbd84 N 0xbd88
0x6bc N 0x6c0
0x6bc T 0x24c4
0xe774 N 0xe778
0x1c22b518 N 0x1c22b51c
0xbd84 N 0xbd88
0x79d0ca4 N 0x79d0ca8
0xd6394 N 0xd6398
0x9a8 N 0x9ac
0x1c22b518 N 0x1c22b51c
0x1c22b518 T 0xe7dea404
0x87e0 N 0x87e4
0x535f6c N 0x535f70
0x535f6c T 0x68a80b4
0x87e0 N 0x87e4
0x8a8 N 0x8ac
0xbd84 N 0xbd88
0x1c22b518 N 0x1c22b51c
0x1c22b518 N 0x1c22b51c
0x1c22b518 N 0x1c22b51c
0x6bc N 0x6c0
0xd6394 N 0xd6398
0x87e0 N 0x87e4
0x535f6c N 0x535f70
0x9a8 N 0x9ac
0x1c22b518 N 0x1c22b51c
0xe774 N 0xe778
0xe774 T 0x3d34
0x498df8 N 0x498dfc
0x498df8 T 0x1eabbde8
0x8a8 N 0x8ac
0xbd84 N 0xbd88
0x1c22b518 N 0x1c22b51c
0x79d0ca4 N 0x79d0ca8
0x8a8 N 0x8ac
0xae8 N 0xaec
0x535f6c N 0x535f70
0xd6394 N 0xd6398
0x535f6c N 0x535f70
0x79d0ca4 N 0x79d0ca8
0xbd84 N 0xbd88
0xbd84 N 0xbd88
0xe774 N 0xe778
0x6bc N 0x6c0
0x1c22b518 N 0x1c22b51c
0xae8 N 0xaec
0x8a8 N 0x8ac
0x9a8 N 0x9ac
0x8a8 N 0x8ac
0xe774 N 0xe778
0x4a0 N 0x4a4
0xd6394 N 0xd6398
0x1c22b518 N 0x1c22b51c
0x535f6c N 0x535f70
0x1c22b518 N 0x1c22b51c
0x4a0 N 0x4a4
0x79d0ca4 N 0x79d0ca8
0x1c22b518 N 0x1c22b51c
0x9a8 N 0x9ac
0x8a8 N 0x8ac
0x535f6c N 0x535f70
0xe774 N 0xe778
0x498df8 N 0x498dfc
0xae8 N 0xaec
0x9a8 N 0x9ac
0xbd84 N 0xbd88
0xae8 N 0xaec
0xbd84 N 0xbd88
0x87e0 N 0x87e4
0x498df8 N 0x498dfc
0x9a8 N 0x9ac
0x4a0 N 0x4a4
0xe774 N 0xe778
0x87e0 N 0x87e4
0x1c22b518 N 0x1c22b51c
0xbd84 N 0xbd88
0xae8 N 0xaec
0x535f6c N 0x535f70
0x535f6c N 0x535f70
0x6bc N 0x6c0
0x1c22b518 N 0x1c22b51c
0x535f6c N 0x535f70
0x79d0ca4 N 0x79d0ca8
0x498df8 N 0x498dfc
0x535f6c N 0x535f70
0x1c22b518 N 0x1c22b51c
0x1c22b518 N 0x1c22b51c
0x535f6c N 0x535f70
0xae8 N 0xaec
0x1c22b518 N 0x1c22b51c
0x535f6c N 0x535f70
0x8a8 N 0x8ac
0x8a8 N 0x8ac
0xe774 N 0xe778
0xd6394 N 0xd6398
0x1c22b518 N 0x1c22b51c
0xbd84 N 0xbd88
0x9a8 N 0x9ac
0x1c22b518 N 0x1c22b51c
0xae8 N 0xaec
0x87e0 N 0x87e4
0x535f6c N 0x535f70
0x8a8 N 0x8ac
0x4a0 N 0x4a4
0x498df8 N 0x498dfc
0x1c22b518 N 0x1c22b51c
0x9a8 N 0x9ac
0x535f6c N 0x535f70
0x4a0 N 0x4a4
0x498df8 N 0x498dfc
0x1c22b518 N 0x1c22b51c
0x9a8 N 0x9ac
0x1c22b518 N 0x1c22b51c
0xae8 N 0xaec
0x498df8 N 0x498dfc
0xbd84 N 0xbd88
0x498df8 N 0x498dfc
0x8a8 N 0x8ac
0x87e0 N 0x87e4
0x9a8 N 0x9ac
0xe774 N 0xe778
0x4a0 N 0x4a4
0xbd84 N 0xbd88
0x87e0 N 0x87e4
0x6bc N 0x6c0
0xae8 N 0xaec
0x1c22b518 N 0x1c22b51c
0x535f6c N 0x535f70
0x1c22b518 N 0x1c22b51c
0x4a0 N 0x4a4
0x1c22b518 N 0x1c22b51c
0xe774 N 0xe778
0x498df8 N 0x498dfc
0x6bc N 0x6c0
0x9a8 N 0x9ac
0x8a8 N 0x8ac
flush_num: 548, br_num: 1073, size: 127b
