0x14028 N 0x1402c
0x3e3d8 N 0x3e3dc
0x9c0 N 0x9c4
0x47a0 N 0x47a4
0x1ff2afc N 0x1ff2b00
0x580b878 N 0x580b87c
0x14028 N 0x1402c
0xf04 N 0xf08
0x9c0 N 0x9c4
0x47a0 N 0x47a4
0x91d24abc N 0x91d24ac0
0x9c0 N 0x9c4
0x47a0 N 0x47a4
0x361d5410 N 0x361d5414
0x14028 N 0x1402c
0x3e3d8 N 0x3e3dc
0x1ff2afc N 0x1ff2b00
0x1ff2afc N 0x1ff2b00
0xf04 N 0xf08
0xf04 N 0xf08
0x47a0 N 0x47a4
0x9c0 N 0x9c4
0x47a0 N 0x47a4
0xf04 N 0xf08
0xf04 N 0xf08
0xaa16bb8 N 0xaa16bbc
0x14028 N 0x1402c
0x1ff2afc N 0x1ff2b00
0x361d5410 N 0x361d5414
0xf04 N 0xf08
0x3e3d8 N 0x3e3dc
0x47a0 N 0x47a4
0x580b878 N 0x580b87c
0x9c0 N 0x9c4
0xaa16bb8 N 0xaa16bbc
0xf04 N 0xf08
0x14028 N 0x1402c
0x9c0 N 0x9c4
0x1ff2afc N 0x1ff2b00
0xf04 N 0xf08
0x14028 N 0x1402c
0x14028 N 0x1402c
0xf04 N 0xf08
0x91d24abc N 0x91d24ac0
0x580b878 N 0x580b87c
0x580b878 N 0x580b87c
0xaa16bb8 N 0xaa16bbc
0x9c0 N 0x9c4
0x3e3d8 N 0x3e3dc
0xaa16bb8 N 0xaa16bbc
0x361d5410 N 0x361d5414
0x3e3d8 N 0x3e3dc
0x1ff2afc N 0x1ff2b00
0xf04 N 0xf08
0x361d5410 N 0x361d5414
0x580b878 N 0x580b87c
0xaa16bb8 N 0xaa16bbc
0x361d5410 N 0x361d5414
0x14028 N 0x1402c
0xaa16bb8 N 0xaa16bbc
0x3e3d8 N 0x3e3dc
0x47a0 N 0x47a4
0xaa16bb8 N 0xaa16bbc
0x361d5410 N 0x361d5414
0x91d24abc N 0x91d24ac0
0x361d5410 N 0x361d5414
0x580b878 N 0x580b87c
0xaa16bb8 N 0xaa16bbc
0xaa16bb8 N 0xaa16bbc
0x1ff2afc N 0x1ff2b00
0x361d5410 N 0x361d5414
0xf04 N 0xf08
0x1ff2afc N 0x1ff2b00
0x9c0 N 0x9c4
0x361d5410 N 0x361d5414
0x47a0 N 0x47a4
0x9c0 N 0x9c4
0x1ff2afc N 0x1ff2b00
0x361d5410 N 0x361d5414
0xf04 N 0xf08
0x91d24abc N 0x91d24ac0
0x1ff2afc N 0x1ff2b00
0x14028 N 0x1402c
0x3e3d8 N 0x3e3dc
0x3e3d8 N 0x3e3dc
0x91d24abc N 0x91d24ac0
0x580b878 N 0x580b87c
0x14028 N 0x1402c
0x361d5410 N 0x361d5414
0xaa16bb8 N 0xaa16bbc
0x580b878 N 0x580b87c
0x14028 N 0x1402c
0x91d24abc N 0x91d24ac0
0x47a0 N 0x47a4
0x9c0 N 0x9c4
0x361d5410 N 0x361d5414
0x14028 N 0x1402c
0x91d24abc N 0x91d24ac0
0x14028 N 0x1402c
0x361d5410 N 0x361d5414
0x9c0 N 0x9c4
0xf04 N 0xf08
0x361d5410 N 0x361d5414
0x1ff2afc N 0x1ff2b00
0x361d5410 N 0x361d5414
0x9c0 N 0x9c4
0xf04 N 0xf08
0x3e3d8 N 0x3e3dc
0x14028 N 0x1402c
0x9c0 N 0x9c4
0x3e3d8 N 0x3e3dc
0x361d5410 N 0x361d5414
0x91d24abc N 0x91d24ac0
0x1ff2afc N 0x1ff2b00
0xaa16bb8 N 0xaa16bbc
0x580b878 N 0x580b87c
0xf04 N 0xf08
0x361d5410 N 0x361d5414
0x91d24abc N 0x91d24ac0
0x47a0 N 0x47a4
0xaa16bb8 N 0xaa16bbc
0x580b878 N 0x580b87c
0xf04 N 0xf08
0x9c0 N 0x9c4
0x47a0 N 0x47a4
0x9c0 N 0x9c4
0xaa16bb8 N 0xaa16bbc
0x580b878 N 0x580b87c
0x3e3d8 N 0x3e3dc
0x14028 N 0x1402c
0x14028 N 0x1402c
0x91d24abc N 0x91d24ac0
0x361d5410 N 0x361d5414
0x3e3d8 N 0x3e3dc
0x47a0 N 0x47a4
0x580b878 N 0x580b87c
0xaa16bb8 N 0xaa16bbc
0x361d5410 N 0x361d5414
0x9c0 N 0x9c4
0xaa16bb8 N 0xaa16bbc
0x47a0 N 0x47a4
0x3e3d8 N 0x3e3dc
0x14028 N 0x1402c
0xf04 N 0xf08
0xf04 N 0xf08
0x47a0 N 0x47a4
0x361d5410 N 0x361d5414
0x9c0 N 0x9c4
0x14028 N 0x1402c
0x91d24abc N 0x91d24ac0
0xaa16bb8 N 0xaa16bbc
0x14028 N 0x1402c
0xf04 N 0xf08
0x14028 N 0x1402c
0x14028 T 0xedb80
0x91d24abc N 0x91d24ac0
0x1ff2afc N 0x1ff2b00
0x1ff2afc N 0x1ff2b00
0x3e3d8 N 0x3e3dc
0x91d24abc N 0x91d24ac0
0x91d24abc N 0x91d24ac0
0x47a0 N 0x47a4
0x1ff2afc N 0x1ff2b00
0x47a0 N 0x47a4
0x3e3d8 N 0x3e3dc
0xf04 N 0xf08
0x3e3d8 N 0x3e3dc
0x47a0 N 0x47a4
0x1ff2afc N 0x1ff2b00
0x47a0 N 0x47a4
0xaa16bb8 N 0xaa16bbc
0x580b878 N 0x580b87c
0x1ff2afc N 0x1ff2b00
0x91d24abc N 0x91d24ac0
0x91d24abc N 0x91d24ac0
0x14028 N 0x1402c
0x91d24abc N 0x91d24ac0
0xf04 N 0xf08
0x91d24abc N 0x91d24ac0
0x361d5410 N 0x361d5414
0x14028 N 0x1402c
0x580b878 N 0x580b87c
0xf04 N 0xf08
0x361d5410 N 0x361d5414
0x1ff2afc N 0x1ff2b00
0x1ff2afc T 0x732d4
0x580b878 N 0x580b87c
0x580b878 N 0x580b87c
0xaa16bb8 N 0xaa16bbc
0x361d5410 N 0x361d5414
0x14028 N 0x1402c
0x3e3d8 N 0x3e3dc
0x361d5410 N 0x361d5414
0xaa16bb8 N 0xaa16bbc
0xf04 N 0xf08
0xf04 N 0xf08
0x91d24abc N 0x91d24ac0
0xaa16bb8 N 0xaa16bbc
0xf04 N 0xf08
0x361d5410 N 0x361d5414
0x3e3d8 N 0x3e3dc
0x91d24abc N 0x91d24ac0
0x91d24abc N 0x91d24ac0
0x1ff2afc N 0x1ff2b00
0xaa16bb8 N 0xaa16bbc
0x361d5410 N 0x361d5414
0x14028 N 0x1402c
0x91d24abc N 0x91d24ac0
0x9c0 N 0x9c4
0x580b878 N 0x580b87c
0xaa16bb8 N 0xaa16bbc
0x91d24abc N 0x91d24ac0
0x9c0 N 0x9c4
0x47a0 N 0x47a4
0xaa16bb8 N 0xaa16bbc
0xaa16bb8 N 0xaa16bbc
0xaa16bb8 T 0x68ce1c
0x91d24abc N 0x91d24ac0
0xf04 N 0xf08
0x580b878 N 0x580b87c
0x580b878 N 0x580b87c
0x14028 N 0x1402c
0x9c0 N 0x9c4
0x3e3d8 N 0x3e3dc
0x3e3d8 N 0x3e3dc
0x14028 N 0x1402c
0x1ff2afc N 0x1ff2b00
0x14028 N 0x1402c
0x9c0 N 0x9c4
0x3e3d8 N 0x3e3dc
0x47a0 N 0x47a4
0x361d5410 N 0x361d5414
0x361d5410 N 0x361d5414
0xf04 N 0xf08
0x91d24abc N 0x91d24ac0
0x47a0 N 0x47a4
0x580b878 N 0x580b87c
0xaa16bb8 N 0xaa16bbc
0x91d24abc N 0x91d24ac0
0x361d5410 N 0x361d5414
0x580b878 N 0x580b87c
0x1ff2afc N 0x1ff2b00
0x14028 N 0x1402c
0x47a0 N 0x47a4
0x91d24abc N 0x91d24ac0
0x47a0 N 0x47a4
0x1ff2afc N 0x1ff2b00
0x1ff2afc N 0x1ff2b00
0xf04 N 0xf08
0xaa16bb8 N 0xaa16bbc
0x47a0 N 0x47a4
0xaa16bb8 N 0xaa16bbc
0x3e3d8 N 0x3e3dc
0x91d24abc N 0x91d24ac0
0xaa16bb8 N 0xaa16bbc
0x14028 N 0x1402c
0x91d24abc N 0x91d24ac0
0x1ff2afc N 0x1ff2b00
0x91d24abc N 0x91d24ac0
0x91d24abc N 0x91d24ac0
0x9c0 N 0x9c4
0x361d5410 N 0x361d5414
0x47a0 N 0x47a4
0x9c0 N 0x9c4
0x580b878 N 0x580b87c
0x1ff2afc N 0x1ff2b00
0xf04 N 0xf08
0x47a0 N 0x47a4
0x47a0 N 0x47a4
0x91d24abc N 0x91d24ac0
0x3e3d8 N 0x3e3dc
0x9c0 N 0x9c4
0x9c0 T 0x7b34f4
0x3e3d8 N 0x3e3dc
0x1ff2afc N 0x1ff2b00
0x91d24abc N 0x91d24ac0
0x361d5410 N 0x361d5414
0x47a0 N 0x47a4
0x1ff2afc N 0x1ff2b00
0x1ff2afc N 0x1ff2b00
0x47a0 N 0x47a4
0x361d5410 N 0x361d5414
0xaa16bb8 N 0xaa16bbc
0x361d5410 N 0x361d5414
0xf04 N 0xf08
0x1ff2afc N 0x1ff2b00
0x14028 N 0x1402c
0x9c0 N 0x9c4
0xf04 N 0xf08
0xf04 N 0xf08
0x14028 N 0x1402c
0x3e3d8 N 0x3e3dc
0x9c0 N 0x9c4
0x580b878 N 0x580b87c
0x1ff2afc N 0x1ff2b00
0x3e3d8 N 0x3e3dc
0x3e3d8 N 0x3e3dc
0xf04 N 0xf08
0x3e3d8 N 0x3e3dc
0x580b878 N 0x580b87c
0x14028 N 0x1402c
0x9c0 N 0x9c4
0x91d24abc N 0x91d24ac0
0x14028 N 0x1402c
0x14028 N 0x1402c
0x580b878 N 0x580b87c
0x580b878 T 0xd4
0xf04 N 0xf08
0x1ff2afc N 0x1ff2b00
0x3e3d8 N 0x3e3dc
0x1ff2afc N 0x1ff2b00
0x3e3d8 N 0x3e3dc
0xf04 N 0xf08
0x91d24abc N 0x91d24ac0
0x9c0 N 0x9c4
0xf04 N 0xf08
0x580b878 N 0x580b87c
0xf04 N 0xf08
0x47a0 N 0x47a4
0x47a0 T 0x264
0x47a0 N 0x47a4
0xf04 N 0xf08
0xaa16bb8 N 0xaa16bbc
0x1ff2afc N 0x1ff2b00
0x361d5410 N 0x361d5414
0x9c0 N 0x9c4
0x14028 N 0x1402c
0x3e3d8 N 0x3e3dc
0xf04 N 0xf08
0x47a0 N 0x47a4
0x14028 N 0x1402c
0x1ff2afc N 0x1ff2b00
0x580b878 N 0x580b87c
0xf04 N 0xf08
0x3e3d8 N 0x3e3dc
0x14028 N 0x1402c
0x3e3d8 N 0x3e3dc
0xf04 N 0xf08
0x361d5410 N 0x361d5414
0xaa16bb8 N 0xaa16bbc
0xaa16bb8 N 0xaa16bbc
0x91d24abc N 0x91d24ac0
0x47a0 N 0x47a4
0x361d5410 N 0x361d5414
0x14028 N 0x1402c
0x14028 T 0xedb80
0x580b878 N 0x580b87c
0xf04 N 0xf08
0x47a0 N 0x47a4
0x91d24abc N 0x91d24ac0
0x9c0 N 0x9c4
0xf04 N 0xf08
0x3e3d8 N 0x3e3dc
0x91d24abc N 0x91d24ac0
0x361d5410 N 0x361d5414
0x3e3d8 N 0x3e3dc
0xf04 N 0xf08
0xaa16bb8 N 0xaa16bbc
0x9c0 N 0x9c4
0x361d5410 N 0x361d5414
0xf04 N 0xf08
0x3e3d8 N 0x3e3dc
0x361d5410 N 0x361d5414
0x580b878 N 0x580b87c
0x580b878 N 0x580b87c
0x1ff2afc N 0x1ff2b00
0x47a0 N 0x47a4
0xaa16bb8 N 0xaa16bbc
0x14028 N 0x1402c
0x3e3d8 N 0x3e3dc
0xf04 N 0xf08
0x9c0 N 0x9c4
0x9c0 N 0x9c4
0x1ff2afc N 0x1ff2b00
0x1ff2afc N 0x1ff2b00
0x14028 N 0x1402c
0xf04 N 0xf08
0x3e3d8 N 0x3e3dc
0x9c0 N 0x9c4
0x47a0 N 0x47a4
0xaa16bb8 N 0xaa16bbc
0x14028 N 0x1402c
0x1ff2afc N 0x1ff2b00
0xaa16bb8 N 0xaa16bbc
0x1ff2afc N 0x1ff2b00
0x9c0 N 0x9c4
0x361d5410 N 0x361d5414
0x47a0 N 0x47a4
0x9c0 N 0x9c4
0x3e3d8 N 0x3e3dc
0x91d24abc N 0x91d24ac0
0x9c0 N 0x9c4
0x1ff2afc N 0x1ff2b00
0x9c0 N 0x9c4
0x361d5410 N 0x361d5414
0x14028 N 0x1402c
0xf04 N 0xf08
0x580b878 N 0x580b87c
0x580b878 T 0xd4
0x14028 N 0x1402c
0x1ff2afc N 0x1ff2b00
0xf04 N 0xf08
0x47a0 N 0x47a4
0x14028 N 0x1402c
0x14028 T 0xedb80
0x91d24abc N 0x91d24ac0
0xaa16bb8 N 0xaa16bbc
0xf04 N 0xf08
0xaa16bb8 N 0xaa16bbc
0xaa16bb8 T 0x68ce1c
0x91d24abc N 0x91d24ac0
0x580b878 N 0x580b87c
0x9c0 N 0x9c4
0x47a0 N 0x47a4
0x14028 N 0x1402c
0x3e3d8 N 0x3e3dc
0x91d24abc N 0x91d24ac0
0xf04 N 0xf08
0x3e3d8 N 0x3e3dc
0x14028 N 0x1402c
0x3e3d8 N 0x3e3dc
0x361d5410 N 0x361d5414
0x580b878 N 0x580b87c
0x361d5410 N 0x361d5414
0x14028 N 0x1402c
0x14028 N 0x1402c
0x47a0 N 0x47a4
0x91d24abc N 0x91d24ac0
0x47a0 N 0x47a4
0x9c0 N 0x9c4
0x47a0 N 0x47a4
0xf04 N 0xf08
0x91d24abc N 0x91d24ac0
0x14028 N 0x1402c
0x1ff2afc N 0x1ff2b00
0x580b878 N 0x580b87c
0x580b878 N 0x580b87c
0xaa16bb8 N 0xaa16bbc
0x361d5410 N 0x361d5414
0x1ff2afc N 0x1ff2b00
0x1ff2afc T 0x732d4
0x1ff2afc N 0x1ff2b00
0x361d5410 N 0x361d5414
0x1ff2afc N 0x1ff2b00
0x9c0 N 0x9c4
0xf04 N 0xf08
0x3e3d8 N 0x3e3dc
0x91d24abc N 0x91d24ac0
0x361d5410 N 0x361d5414
0x361d5410 T 0x45b88
0x47a0 N 0x47a4
0x14028 N 0x1402c
0xaa16bb8 N 0xaa16bbc
0x14028 N 0x1402c
0xaa16bb8 N 0xaa16bbc
0xf04 N 0xf08
0x9c0 N 0x9c4
0xf04 N 0xf08
0x9c0 N 0x9c4
0x361d5410 N 0x361d5414
0x47a0 N 0x47a4
0x3e3d8 N 0x3e3dc
0xf04 N 0xf08
0x1ff2afc N 0x1ff2b00
0xaa16bb8 N 0xaa16bbc
0x580b878 N 0x580b87c
0x361d5410 N 0x361d5414
0x14028 N 0x1402c
0x1ff2afc N 0x1ff2b00
0xf04 N 0xf08
0x361d5410 N 0x361d5414
0x91d24abc N 0x91d24ac0
0x1ff2afc N 0x1ff2b00
0x9c0 N 0x9c4
0x3e3d8 N 0x3e3dc
0x47a0 N 0x47a4
0x580b878 N 0x580b87c
0x47a0 N 0x47a4
0x14028 N 0x1402c
0xaa16bb8 N 0xaa16bbc
0x361d5410 N 0x361d5414
0x14028 N 0x1402c
0x14028 N 0x1402c
0x361d5410 N 0x361d5414
0x3e3d8 N 0x3e3dc
0x47a0 N 0x47a4
0x14028 N 0x1402c
0x9c0 N 0x9c4
0x361d5410 N 0x361d5414
0x580b878 N 0x580b87c
0x9c0 N 0x9c4
0x47a0 N 0x47a4
0x9c0 N 0x9c4
0x91d24abc N 0x91d24ac0
0x3e3d8 N 0x3e3dc
0x47a0 N 0x47a4
0x1ff2afc N 0x1ff2b00
0x91d24abc N 0x91d24ac0
0x580b878 N 0x580b87c
0x14028 N 0x1402c
0x580b878 N 0x580b87c
0x361d5410 N 0x361d5414
0x1ff2afc N 0x1ff2b00
0xaa16bb8 N 0xaa16bbc
0xf04 N 0xf08
0x14028 N 0x1402c
0x361d5410 N 0x361d5414
0x580b878 N 0x580b87c
0x361d5410 N 0x361d5414
0xaa16bb8 N 0xaa16bbc
0x91d24abc N 0x91d24ac0
0xf04 N 0xf08
0x91d24abc N 0x91d24ac0
0xaa16bb8 N 0xaa16bbc
0x580b878 N 0x580b87c
0x1ff2afc N 0x1ff2b00
0x361d5410 N 0x361d5414
0x3e3d8 N 0x3e3dc
0x14028 N 0x1402c
0xaa16bb8 N 0xaa16bbc
0x3e3d8 N 0x3e3dc
0x361d5410 N 0x361d5414
0x3e3d8 N 0x3e3dc
0x47a0 N 0x47a4
0x580b878 N 0x580b87c
0x91d24abc N 0x91d24ac0
0x91d24abc T 0x873c
0xaa16bb8 N 0xaa16bbc
0x1ff2afc N 0x1ff2b00
0x47a0 N 0x47a4
0x91d24abc N 0x91d24ac0
0xaa16bb8 N 0xaa16bbc
0x91d24abc N 0x91d24ac0
0x580b878 N 0x580b87c
0x1ff2afc N 0x1ff2b00
0xaa16bb8 N 0xaa16bbc
0x47a0 N 0x47a4
0x9c0 N 0x9c4
0x1ff2afc N 0x1ff2b00
0x3e3d8 N 0x3e3dc
0xf04 N 0xf08
0x361d5410 N 0x361d5414
0xaa16bb8 N 0xaa16bbc
0x9c0 N 0x9c4
0x580b878 N 0x580b87c
0x3e3d8 N 0x3e3dc
0xf04 N 0xf08
0x361d5410 N 0x361d5414
0x1ff2afc N 0x1ff2b00
0xf04 N 0xf08
0xf04 N 0xf08
0xf04 T 0x28
0x91d24abc N 0x91d24ac0
0x580b878 N 0x580b87c
0x361d5410 N 0x361d5414
0xaa16bb8 N 0xaa16bbc
0x14028 N 0x1402c
0x9c0 N 0x9c4
0x580b878 N 0x580b87c
0x580b878 N 0x580b87c
0x580b878 N 0x580b87c
0xaa16bb8 N 0xaa16bbc
0x9c0 N 0x9c4
0x3e3d8 N 0x3e3dc
0xaa16bb8 N 0xaa16bbc
0x9c0 N 0x9c4
0x91d24abc N 0x91d24ac0
0x1ff2afc N 0x1ff2b00
0x3e3d8 N 0x3e3dc
0xaa16bb8 N 0xaa16bbc
0x361d5410 N 0x361d5414
0x1ff2afc N 0x1ff2b00
0x9c0 N 0x9c4
0x9c0 N 0x9c4
0x580b878 N 0x580b87c
0x9c0 N 0x9c4
0x14028 N 0x1402c
0xf04 N 0xf08
0xaa16bb8 N 0xaa16bbc
0x91d24abc N 0x91d24ac0
0x3e3d8 N 0x3e3dc
0xf04 N 0xf08
0xf04 T 0x28
0x361d5410 N 0x361d5414
0x47a0 N 0x47a4
0x1ff2afc N 0x1ff2b00
0x91d24abc N 0x91d24ac0
0x3e3d8 N 0x3e3dc
0x47a0 N 0x47a4
0x3e3d8 N 0x3e3dc
0x14028 N 0x1402c
0xf04 N 0xf08
0x14028 N 0x1402c
0x361d5410 N 0x361d5414
0x91d24abc N 0x91d24ac0
0x14028 N 0x1402c
0x91d24abc N 0x91d24ac0
0x47a0 N 0x47a4
0x91d24abc N 0x91d24ac0
0xaa16bb8 N 0xaa16bbc
0x3e3d8 N 0x3e3dc
0x47a0 N 0x47a4
0x361d5410 N 0x361d5414
0x91d24abc N 0x91d24ac0
0xf04 N 0xf08
0xaa16bb8 N 0xaa16bbc
0x91d24abc N 0x91d24ac0
0xaa16bb8 N 0xaa16bbc
0x580b878 N 0x580b87c
0x9c0 N 0x9c4
0x361d5410 N 0x361d5414
0x580b878 N 0x580b87c
0x9c0 N 0x9c4
0x580b878 N 0x580b87c
0xf04 N 0xf08
0x47a0 N 0x47a4
0x1ff2afc N 0x1ff2b00
0x9c0 N 0x9c4
0xaa16bb8 N 0xaa16bbc
0x580b878 N 0x580b87c
0x580b878 N 0x580b87c
0x47a0 N 0x47a4
0x361d5410 N 0x361d5414
0x9c0 N 0x9c4
0x3e3d8 N 0x3e3dc
0xf04 N 0xf08
0x1ff2afc N 0x1ff2b00
0x3e3d8 N 0x3e3dc
0x91d24abc N 0x91d24ac0
0x580b878 N 0x580b87c
0x580b878 N 0x580b87c
0xf04 N 0xf08
0xaa16bb8 N 0xaa16bbc
0xaa16bb8 T 0x68ce1c
0x14028 N 0x1402c
0x361d5410 N 0x361d5414
0x14028 N 0x1402c
0x14028 N 0x1402c
0xf04 N 0xf08
0xaa16bb8 N 0xaa16bbc
0x361d5410 N 0x361d5414
0xf04 N 0xf08
0x1ff2afc N 0x1ff2b00
0x91d24abc N 0x91d24ac0
0x580b878 N 0x580b87c
0x9c0 N 0x9c4
0xf04 N 0xf08
0x9c0 N 0x9c4
0x1ff2afc N 0x1ff2b00
0x9c0 N 0x9c4
0x47a0 N 0x47a4
0xf04 N 0xf08
0x3e3d8 N 0x3e3dc
0x9c0 N 0x9c4
0x361d5410 N 0x361d5414
0xf04 N 0xf08
0x3e3d8 N 0x3e3dc
0x47a0 N 0x47a4
0xaa16bb8 N 0xaa16bbc
0x14028 N 0x1402c
0x14028 T 0xedb80
0x9c0 N 0x9c4
0x9c0 N 0x9c4
0xaa16bb8 N 0xaa16bbc
0x1ff2afc N 0x1ff2b00
0x91d24abc N 0x91d24ac0
0x580b878 N 0x580b87c
0x3e3d8 N 0x3e3dc
0xaa16bb8 N 0xaa16bbc
0x1ff2afc N 0x1ff2b00
0x3e3d8 N 0x3e3dc
0x91d24abc N 0x91d24ac0
0x47a0 N 0x47a4
0xaa16bb8 N 0xaa16bbc
0x1ff2afc N 0x1ff2b00
0x47a0 N 0x47a4
0x1ff2afc N 0x1ff2b00
0x580b878 N 0x580b87c
0x580b878 N 0x580b87c
0x14028 N 0x1402c
0x361d5410 N 0x361d5414
0xf04 N 0xf08
0x14028 N 0x1402c
0xaa16bb8 N 0xaa16bbc
0x580b878 N 0x580b87c
0x580b878 T 0xd4
0x361d5410 N 0x361d5414
0x361d5410 T 0x45b88
0x47a0 N 0x47a4
0x3e3d8 N 0x3e3dc
0x361d5410 N 0x361d5414
0x14028 N 0x1402c
0xf04 N 0xf08
0x361d5410 N 0x361d5414
0xaa16bb8 N 0xaa16bbc
0x3e3d8 N 0x3e3dc
0x91d24abc N 0x91d24ac0
0x91d24abc N 0x91d24ac0
0xaa16bb8 N 0xaa16bbc
0xaa16bb8 N 0xaa16bbc
0x9c0 N 0x9c4
0x47a0 N 0x47a4
0x47a0 N 0x47a4
0x361d5410 N 0x361d5414
0x14028 N 0x1402c
0xf04 N 0xf08
0x580b878 N 0x580b87c
0xaa16bb8 N 0xaa16bbc
0xf04 N 0xf08
0x91d24abc N 0x91d24ac0
0x9c0 N 0x9c4
0x580b878 N 0x580b87c
0x3e3d8 N 0x3e3dc
0x47a0 N 0x47a4
0x91d24abc N 0x91d24ac0
0x91d24abc T 0x873c
0xaa16bb8 N 0xaa16bbc
0x14028 N 0x1402c
0x91d24abc N 0x91d24ac0
0x361d5410 N 0x361d5414
0xaa16bb8 N 0xaa16bbc
0x9c0 N 0x9c4
0x9c0 N 0x9c4
0x3e3d8 N 0x3e3dc
0x361d5410 N 0x361d5414
0xf04 N 0xf08
0x1ff2afc N 0x1ff2b00
0x9c0 N 0x9c4
0x3e3d8 N 0x3e3dc
0x47a0 N 0x47a4
0x47a0 T 0x264
0x14028 N 0x1402c
0x580b878 N 0x580b87c
0x14028 N 0x1402c
0x91d24abc N 0x91d24ac0
0x580b878 N 0x580b87c
0x9c0 N 0x9c4
0x9c0 N 0x9c4
0x91d24abc N 0x91d24ac0
0x47a0 N 0x47a4
0x3e3d8 N 0x3e3dc
0x47a0 N 0x47a4
0x3e3d8 N 0x3e3dc
0xf04 N 0xf08
0xaa16bb8 N 0xaa16bbc
0x14028 N 0x1402c
0x14028 T 0xedb80
0x91d24abc N 0x91d24ac0
0x361d5410 N 0x361d5414
0xf04 N 0xf08
0xaa16bb8 N 0xaa16bbc
0x9c0 N 0x9c4
0x1ff2afc N 0x1ff2b00
0x3e3d8 N 0x3e3dc
0x9c0 N 0x9c4
0x3e3d8 N 0x3e3dc
0x3e3d8 N 0x3e3dc
0x14028 N 0x1402c
0x9c0 N 0x9c4
0x9c0 T 0x7b34f4
0x14028 N 0x1402c
0x9c0 N 0x9c4
0x3e3d8 N 0x3e3dc
0x361d5410 N 0x361d5414
0x1ff2afc N 0x1ff2b00
0x14028 N 0x1402c
0x14028 T 0xedb80
0x9c0 N 0x9c4
0x9c0 T 0x7b34f4
0x3e3d8 N 0x3e3dc
0x580b878 N 0x580b87c
0x14028 N 0x1402c
0x361d5410 N 0x361d5414
0x1ff2afc N 0x1ff2b00
0x14028 N 0x1402c
0x3e3d8 N 0x3e3dc
0xf04 N 0xf08
0x47a0 N 0x47a4
0x14028 N 0x1402c
0xf04 N 0xf08
0x3e3d8 N 0x3e3dc
0x3e3d8 N 0x3e3dc
0x580b878 N 0x580b87c
0x91d24abc N 0x91d24ac0
0x3e3d8 N 0x3e3dc
0xaa16bb8 N 0xaa16bbc
0xaa16bb8 T 0x68ce1c
0x361d5410 N 0x361d5414
0xf04 N 0xf08
0x361d5410 N 0x361d5414
0x9c0 N 0x9c4
0x1ff2afc N 0x1ff2b00
0x1ff2afc T 0x732d4
0xf04 N 0xf08
0x3e3d8 N 0x3e3dc
0xaa16bb8 N 0xaa16bbc
0x47a0 N 0x47a4
0x361d5410 N 0x361d5414
0x580b878 N 0x580b87c
0x580b878 T 0xd4
0x14028 N 0x1402c
0x91d24abc N 0x91d24ac0
0x9c0 N 0x9c4
0xf04 N 0xf08
0x91d24abc N 0x91d24ac0
0x9c0 N 0x9c4
0x1ff2afc N 0x1ff2b00
0x361d5410 N 0x361d5414
0x3e3d8 N 0x3e3dc
0x3e3d8 N 0x3e3dc
0x47a0 N 0x47a4
0x3e3d8 N 0x3e3dc
0x14028 N 0x1402c
0xf04 N 0xf08
0x9c0 N 0x9c4
0xf04 N 0xf08
0xaa16bb8 N 0xaa16bbc
0xf04 N 0xf08
0x91d24abc N 0x91d24ac0
0x9c0 N 0x9c4
0x3e3d8 N 0x3e3dc
0x1ff2afc N 0x1ff2b00
0x1ff2afc N 0x1ff2b00
0x361d5410 N 0x361d5414
0x580b878 N 0x580b87c
0x361d5410 N 0x361d5414
0x3e3d8 N 0x3e3dc
0x47a0 N 0x47a4
0x14028 N 0x1402c
0x91d24abc N 0x91d24ac0
0x9c0 N 0x9c4
0x14028 N 0x1402c
0x1ff2afc N 0x1ff2b00
0x14028 N 0x1402c
0x1ff2afc N 0x1ff2b00
0x91d24abc N 0x91d24ac0
0x580b878 N 0x580b87c
0x47a0 N 0x47a4
0xaa16bb8 N 0xaa16bbc
0x3e3d8 N 0x3e3dc
0x580b878 N 0x580b87c
0xf04 N 0xf08
0x3e3d8 N 0x3e3dc
0x14028 N 0x1402c
0x91d24abc N 0x91d24ac0
0x361d5410 N 0x361d5414
0x361d5410 T 0x45b88
0x9c0 N 0x9c4
0x91d24abc N 0x91d24ac0
0x47a0 N 0x47a4
0x3e3d8 N 0x3e3dc
0x47a0 N 0x47a4
0xaa16bb8 N 0xaa16bbc
0x580b878 N 0x580b87c
0x3e3d8 N 0x3e3dc
0x580b878 N 0x580b87c
0x14028 N 0x1402c
0x3e3d8 N 0x3e3dc
0x361d5410 N 0x361d5414
0x580b878 N 0x580b87c
0xf04 N 0xf08
0x91d24abc N 0x91d24ac0
0x3e3d8 N 0x3e3dc
0x580b878 N 0x580b87c
0x1ff2afc N 0x1ff2b00
0x580b878 N 0x580b87c
0xaa16bb8 N 0xaa16bbc
0x91d24abc N 0x91d24ac0
0x14028 N 0x1402c
0x1ff2afc N 0x1ff2b00
0x1ff2afc N 0x1ff2b00
0x9c0 N 0x9c4
0x361d5410 N 0x361d5414
0x3e3d8 N 0x3e3dc
0xaa16bb8 N 0xaa16bbc
0xaa16bb8 T 0x68ce1c
0x580b878 N 0x580b87c
0x580b878 T 0xd4
0xf04 N 0xf08
0x91d24abc N 0x91d24ac0
0xaa16bb8 N 0xaa16bbc
0xaa16bb8 N 0xaa16bbc
0x47a0 N 0x47a4
0x361d5410 N 0x361d5414
0x1ff2afc N 0x1ff2b00
0xf04 N 0xf08
0x91d24abc N 0x91d24ac0
0x47a0 N 0x47a4
0x47a0 N 0x47a4
0xaa16bb8 N 0xaa16bbc
0x580b878 N 0x580b87c
0x14028 N 0x1402c
0x1ff2afc N 0x1ff2b00
0x580b878 N 0x580b87c
0x14028 N 0x1402c
0x1ff2afc N 0x1ff2b00
0x580b878 N 0x580b87c
0x1ff2afc N 0x1ff2b00
0xaa16bb8 N 0xaa16bbc
0x91d24abc N 0x91d24ac0
0x9c0 N 0x9c4
0x580b878 N 0x580b87c
0x3e3d8 N 0x3e3dc
0x3e3d8 N 0x3e3dc
0x580b878 N 0x580b87c
0xaa16bb8 N 0xaa16bbc
0x9c0 N 0x9c4
0xf04 N 0xf08
0x1ff2afc N 0x1ff2b00
0x1ff2afc T 0x732d4
0x91d24abc N 0x91d24ac0
0x47a0 N 0x47a4
0x47a0 T 0x264
0x47a0 N 0x47a4
0xaa16bb8 N 0xaa16bbc
0x91d24abc N 0x91d24ac0
0x14028 N 0x1402c
0xf04 N 0xf08
0xf04 N 0xf08
0x3e3d8 N 0x3e3dc
0xaa16bb8 N 0xaa16bbc
0x361d5410 N 0x361d5414
0x1ff2afc N 0x1ff2b00
0x14028 N 0x1402c
0x3e3d8 N 0x3e3dc
0xaa16bb8 N 0xaa16bbc
0x47a0 N 0x47a4
0x1ff2afc N 0x1ff2b00
0x1ff2afc N 0x1ff2b00
0x14028 N 0x1402c
0x91d24abc N 0x91d24ac0
0x91d24abc T 0x873c
0xaa16bb8 N 0xaa16bbc
0x361d5410 N 0x361d5414
0x580b878 N 0x580b87c
0x1ff2afc N 0x1ff2b00
0x1ff2afc T 0x732d4
0xaa16bb8 N 0xaa16bbc
0x14028 N 0x1402c
0x361d5410 N 0x361d5414
0x361d5410 T 0x45b88
0xaa16bb8 N 0xaa16bbc
0x9c0 N 0x9c4
0x580b878 N 0x580b87c
0x580b878 T 0xd4
0x9c0 N 0x9c4
0x47a0 N 0x47a4
0x47a0 N 0x47a4
0x9c0 N 0x9c4
0x1ff2afc N 0x1ff2b00
0xaa16bb8 N 0xaa16bbc
0x1ff2afc N 0x1ff2b00
0x47a0 N 0x47a4
0x1ff2afc N 0x1ff2b00
0xf04 N 0xf08
0x9c0 N 0x9c4
0x14028 N 0x1402c
0x580b878 N 0x580b87c
0x47a0 N 0x47a4
0x361d5410 N 0x361d5414
0x361d5410 N 0x361d5414
0x47a0 N 0x47a4
0x14028 N 0x1402c
0x361d5410 N 0x361d5414
0xaa16bb8 N 0xaa16bbc
0x47a0 N 0x47a4
0x9c0 N 0x9c4
0x3e3d8 N 0x3e3dc
0xaa16bb8 N 0xaa16bbc
0xf04 N 0xf08
0x1ff2afc N 0x1ff2b00
0x47a0 N 0x47a4
0xaa16bb8 N 0xaa16bbc
0x1ff2afc N 0x1ff2b00
0x3e3d8 N 0x3e3dc
0x361d5410 N 0x361d5414
0x9c0 N 0x9c4
0x14028 N 0x1402c
0xf04 N 0xf08
0x1ff2afc N 0x1ff2b00
0x361d5410 N 0x361d5414
0xf04 N 0xf08
0x361d5410 N 0x361d5414
0x14028 N 0x1402c
0x3e3d8 N 0x3e3dc
0x14028 N 0x1402c
0xf04 N 0xf08
0x1ff2afc N 0x1ff2b00
0x3e3d8 N 0x3e3dc
0x14028 N 0x1402c
0x14028 T 0xedb80
0xf04 N 0xf08
0xf04 N 0xf08
0xf04 T 0x28
0x1ff2afc N 0x1ff2b00
0x580b878 N 0x580b87c
0x1ff2afc N 0x1ff2b00
0x47a0 N 0x47a4
0xf04 N 0xf08
0x361d5410 N 0x361d5414
0x47a0 N 0x47a4
0x14028 N 0x1402c
0x1ff2afc N 0x1ff2b00
0xf04 N 0xf08
0xaa16bb8 N 0xaa16bbc
0x361d5410 N 0x361d5414
0xaa16bb8 N 0xaa16bbc
0x14028 N 0x1402c
0xf04 N 0xf08
0x1ff2afc N 0x1ff2b00
0x91d24abc N 0x91d24ac0
0xaa16bb8 N 0xaa16bbc
0xf04 N 0xf08
0x91d24abc N 0x91d24ac0
0x9c0 N 0x9c4
0x91d24abc N 0x91d24ac0
0x14028 N 0x1402c
0x1ff2afc N 0x1ff2b00
0x91d24abc N 0x91d24ac0
0x361d5410 N 0x361d5414
0x580b878 N 0x580b87c
0x14028 N 0x1402c
0x14028 N 0x1402c
0xf04 N 0xf08
0x580b878 N 0x580b87c
0xf04 N 0xf08
0x361d5410 N 0x361d5414
0x580b878 N 0x580b87c
0x1ff2afc N 0x1ff2b00
0xaa16bb8 N 0xaa16bbc
0x3e3d8 N 0x3e3dc
0x47a0 N 0x47a4
0x3e3d8 N 0x3e3dc
0x3e3d8 T 0x1c4
0x580b878 N 0x580b87c
0xf04 N 0xf08
0x9c0 N 0x9c4
0x580b878 N 0x580b87c
0x3e3d8 N 0x3e3dc
0x47a0 N 0x47a4
0x14028 N 0x1402c
0xf04 N 0xf08
0x3e3d8 N 0x3e3dc
0x361d5410 N 0x361d5414
0x361d5410 T 0x45b88
0x47a0 N 0x47a4
0x91d24abc N 0x91d24ac0
0xaa16bb8 N 0xaa16bbc
0x1ff2afc N 0x1ff2b00
0x580b878 N 0x580b87c
0x91d24abc N 0x91d24ac0
0x3e3d8 N 0x3e3dc
0x91d24abc N 0x91d24ac0
0x9c0 N 0x9c4
0x1ff2afc N 0x1ff2b00
0x14028 N 0x1402c
0x3e3d8 N 0x3e3dc
0x1ff2afc N 0x1ff2b00
0x361d5410 N 0x361d5414
0xf04 N 0xf08
0x47a0 N 0x47a4
0x47a0 N 0x47a4
0x1ff2afc N 0x1ff2b00
0x91d24abc N 0x91d24ac0
0x580b878 N 0x580b87c
0x14028 N 0x1402c
0x580b878 N 0x580b87c
0x580b878 T 0xd4
0x9c0 N 0x9c4
0xaa16bb8 N 0xaa16bbc
0xaa16bb8 T 0x68ce1c
0x91d24abc N 0x91d24ac0
0x14028 N 0x1402c
0x361d5410 N 0x361d5414
0x9c0 N 0x9c4
0x3e3d8 N 0x3e3dc
0xf04 N 0xf08
0x1ff2afc N 0x1ff2b00
0x91d24abc N 0x91d24ac0
0x580b878 N 0x580b87c
0x91d24abc N 0x91d24ac0
0x14028 N 0x1402c
0x580b878 N 0x580b87c
0x9c0 N 0x9c4
0x3e3d8 N 0x3e3dc
0x14028 N 0x1402c
0x91d24abc N 0x91d24ac0
0x3e3d8 N 0x3e3dc
0xaa16bb8 N 0xaa16bbc
0x361d5410 N 0x361d5414
0x580b878 N 0x580b87c
0x47a0 N 0x47a4
0x14028 N 0x1402c
0xf04 N 0xf08
0x580b878 N 0x580b87c
0x3e3d8 N 0x3e3dc
0x14028 N 0x1402c
0x47a0 N 0x47a4
0x91d24abc N 0x91d24ac0
0xf04 N 0xf08
0x580b878 N 0x580b87c
0x91d24abc N 0x91d24ac0
0xaa16bb8 N 0xaa16bbc
0x9c0 N 0x9c4
0x9c0 N 0x9c4
0xf04 N 0xf08
0xf04 T 0x28
0xf04 N 0xf08
0x9c0 N 0x9c4
0x47a0 N 0x47a4
0x1ff2afc N 0x1ff2b00
0x47a0 N 0x47a4
0xaa16bb8 N 0xaa16bbc
0x91d24abc N 0x91d24ac0
0x1ff2afc N 0x1ff2b00
0x47a0 N 0x47a4
0x3e3d8 N 0x3e3dc
0xaa16bb8 N 0xaa16bbc
0x91d24abc N 0x91d24ac0
0x580b878 N 0x580b87c
0x14028 N 0x1402c
0xaa16bb8 N 0xaa16bbc
0x14028 N 0x1402c
0x1ff2afc N 0x1ff2b00
0x580b878 N 0x580b87c
0x14028 N 0x1402c
0xf04 N 0xf08
0x47a0 N 0x47a4
0xf04 N 0xf08
0x47a0 N 0x47a4
0x1ff2afc N 0x1ff2b00
0x3e3d8 N 0x3e3dc
0xaa16bb8 N 0xaa16bbc
0x580b878 N 0x580b87c
0xf04 N 0xf08
0x3e3d8 N 0x3e3dc
0x361d5410 N 0x361d5414
0x47a0 N 0x47a4
0x9c0 N 0x9c4
0x47a0 N 0x47a4
0x9c0 N 0x9c4
0x9c0 N 0x9c4
0x3e3d8 N 0x3e3dc
0x9c0 N 0x9c4
0x47a0 N 0x47a4
0xf04 N 0xf08
0x47a0 N 0x47a4
0x91d24abc N 0x91d24ac0
0x9c0 N 0x9c4
0xaa16bb8 N 0xaa16bbc
0x9c0 N 0x9c4
0x580b878 N 0x580b87c
0x47a0 N 0x47a4
0xf04 N 0xf08
0x91d24abc N 0x91d24ac0
0x47a0 N 0x47a4
0xaa16bb8 N 0xaa16bbc
0x47a0 N 0x47a4
0x1ff2afc N 0x1ff2b00
0x580b878 N 0x580b87c
0x3e3d8 N 0x3e3dc
0x47a0 N 0x47a4
0x47a0 T 0x264
0x47a0 N 0x47a4
0x14028 N 0x1402c
0x14028 N 0x1402c
0xf04 N 0xf08
0x47a0 N 0x47a4
0xaa16bb8 N 0xaa16bbc
0xaa16bb8 N 0xaa16bbc
0x580b878 N 0x580b87c
0x14028 N 0x1402c
0x580b878 N 0x580b87c
0x14028 N 0x1402c
0x91d24abc N 0x91d24ac0
0x580b878 N 0x580b87c
0xf04 N 0xf08
0xaa16bb8 N 0xaa16bbc
0x580b878 N 0x580b87c
0xaa16bb8 N 0xaa16bbc
0xaa16bb8 T 0x68ce1c
0x580b878 N 0x580b87c
0x3e3d8 N 0x3e3dc
0x14028 N 0x1402c
0x14028 N 0x1402c
0x580b878 N 0x580b87c
0x3e3d8 N 0x3e3dc
0x9c0 N 0x9c4
0x1ff2afc N 0x1ff2b00
0xf04 N 0xf08
0x580b878 N 0x580b87c
0x91d24abc N 0x91d24ac0
0x361d5410 N 0x361d5414
0x91d24abc N 0x91d24ac0
0x580b878 N 0x580b87c
0x9c0 N 0x9c4
0x47a0 N 0x47a4
0x3e3d8 N 0x3e3dc
0x3e3d8 N 0x3e3dc
0x361d5410 N 0x361d5414
0x91d24abc N 0x91d24ac0
0x3e3d8 N 0x3e3dc
0x9c0 N 0x9c4
0x14028 N 0x1402c
0xaa16bb8 N 0xaa16bbc
0x14028 N 0x1402c
0x47a0 N 0x47a4
0x14028 N 0x1402c
0x14028 N 0x1402c
0x580b878 N 0x580b87c
0x3e3d8 N 0x3e3dc
0x91d24abc N 0x91d24ac0
0x47a0 N 0x47a4
0xf04 N 0xf08
0x1ff2afc N 0x1ff2b00
0xf04 N 0xf08
0xaa16bb8 N 0xaa16bbc
0x14028 N 0x1402c
0x14028 T 0xedb80
0x9c0 N 0x9c4
0x1ff2afc N 0x1ff2b00
0x3e3d8 N 0x3e3dc
0x361d5410 N 0x361d5414
0xf04 N 0xf08
0x14028 N 0x1402c
0x3e3d8 N 0x3e3dc
0x580b878 N 0x580b87c
0x9c0 N 0x9c4
0x1ff2afc N 0x1ff2b00
0xf04 N 0xf08
0x91d24abc N 0x91d24ac0
0x14028 N 0x1402c
0x3e3d8 N 0x3e3dc
0x91d24abc N 0x91d24ac0
0x9c0 N 0x9c4
0x580b878 N 0x580b87c
0x14028 N 0x1402c
0xaa16bb8 N 0xaa16bbc
0x1ff2afc N 0x1ff2b00
0x361d5410 N 0x361d5414
0x361d5410 N 0x361d5414
0x9c0 N 0x9c4
0xaa16bb8 N 0xaa16bbc
0x14028 N 0x1402c
0x3e3d8 N 0x3e3dc
0x9c0 N 0x9c4
0x14028 N 0x1402c
0x47a0 N 0x47a4
0x91d24abc N 0x91d24ac0
0x361d5410 N 0x361d5414
0x47a0 N 0x47a4
0x3e3d8 N 0x3e3dc
0x361d5410 N 0x361d5414
0xf04 N 0xf08
0x47a0 N 0x47a4
0x91d24abc N 0x91d24ac0
0x9c0 N 0x9c4
0x3e3d8 N 0x3e3dc
0xaa16bb8 N 0xaa16bbc
0xf04 N 0xf08
0x47a0 N 0x47a4
0x3e3d8 N 0x3e3dc
0x580b878 N 0x580b87c
0x14028 N 0x1402c
0x1ff2afc N 0x1ff2b00
0x1ff2afc N 0x1ff2b00
0x47a0 N 0x47a4
0x91d24abc N 0x91d24ac0
0x1ff2afc N 0x1ff2b00
0xf04 N 0xf08
0x14028 N 0x1402c
0xf04 N 0xf08
0xf04 T 0x28
0x91d24abc N 0x91d24ac0
0x47a0 N 0x47a4
0x47a0 N 0x47a4
0x580b878 N 0x580b87c
0x580b878 T 0xd4
0xf04 N 0xf08
0x580b878 N 0x580b87c
0x47a0 N 0x47a4
0xaa16bb8 N 0xaa16bbc
0x9c0 N 0x9c4
0x14028 N 0x1402c
0x361d5410 N 0x361d5414
0x3e3d8 N 0x3e3dc
0x3e3d8 N 0x3e3dc
0x580b878 N 0x580b87c
0x9c0 N 0x9c4
0xf04 N 0xf08
0x9c0 N 0x9c4
0x3e3d8 N 0x3e3dc
0x9c0 N 0x9c4
0x1ff2afc N 0x1ff2b00
0x91d24abc N 0x91d24ac0
0x580b878 N 0x580b87c
0x47a0 N 0x47a4
0x47a0 T 0x264
0x1ff2afc N 0x1ff2b00
0x361d5410 N 0x361d5414
0xaa16bb8 N 0xaa16bbc
0x47a0 N 0x47a4
0x91d24abc N 0x91d24ac0
0xaa16bb8 N 0xaa16bbc
0x9c0 N 0x9c4
0x3e3d8 N 0x3e3dc
0x361d5410 N 0x361d5414
0x14028 N 0x1402c
0x47a0 N 0x47a4
0x580b878 N 0x580b87c
0x580b878 T 0xd4
0x580b878 T 0xd4
0x580b878 N 0x580b87c
0x47a0 N 0x47a4
0x14028 N 0x1402c
0x9c0 N 0x9c4
0x91d24abc N 0x91d24ac0
0x580b878 N 0x580b87c
0x91d24abc N 0x91d24ac0
0xaa16bb8 N 0xaa16bbc
0xf04 N 0xf08
0x91d24abc N 0x91d24ac0
0x91d24abc N 0x91d24ac0
0x3e3d8 N 0x3e3dc
0x14028 N 0x1402c
0x91d24abc N 0x91d24ac0
0x14028 N 0x1402c
0x91d24abc N 0x91d24ac0
0x91d24abc T 0x873c
0x361d5410 N 0x361d5414
0x91d24abc N 0x91d24ac0
0x580b878 N 0x580b87c
0x47a0 N 0x47a4
0x91d24abc N 0x91d24ac0
0xaa16bb8 N 0xaa16bbc
0x361d5410 N 0x361d5414
0x1ff2afc N 0x1ff2b00
0x3e3d8 N 0x3e3dc
0x91d24abc N 0x91d24ac0
0x47a0 N 0x47a4
0xaa16bb8 N 0xaa16bbc
0x1ff2afc N 0x1ff2b00
0x1ff2afc N 0x1ff2b00
0xaa16bb8 N 0xaa16bbc
0x91d24abc N 0x91d24ac0
0x14028 N 0x1402c
0x1ff2afc N 0x1ff2b00
0x9c0 N 0x9c4
0x580b878 N 0x580b87c
0x3e3d8 N 0x3e3dc
0xaa16bb8 N 0xaa16bbc
0x580b878 N 0x580b87c
0x580b878 T 0xd4
0x361d5410 N 0x361d5414
0x1ff2afc N 0x1ff2b00
0xaa16bb8 N 0xaa16bbc
0xf04 N 0xf08
0x47a0 N 0x47a4
0x47a0 N 0x47a4
0x1ff2afc N 0x1ff2b00
0x580b878 N 0x580b87c
0x1ff2afc N 0x1ff2b00
0xaa16bb8 N 0xaa16bbc
0x91d24abc N 0x91d24ac0
0x47a0 N 0x47a4
0xf04 N 0xf08
0x9c0 N 0x9c4
0x3e3d8 N 0x3e3dc
0xf04 N 0xf08
0xf04 N 0xf08
0x14028 N 0x1402c
0x580b878 N 0x580b87c
0x3e3d8 N 0x3e3dc
0x9c0 N 0x9c4
0x47a0 N 0x47a4
0x580b878 N 0x580b87c
0x9c0 N 0x9c4
0x47a0 N 0x47a4
0xaa16bb8 N 0xaa16bbc
0x9c0 N 0x9c4
0x1ff2afc N 0x1ff2b00
0x361d5410 N 0x361d5414
0x580b878 N 0x580b87c
0x580b878 N 0x580b87c
0xaa16bb8 N 0xaa16bbc
0x91d24abc N 0x91d24ac0
0x9c0 N 0x9c4
0x14028 N 0x1402c
0xaa16bb8 N 0xaa16bbc
0x9c0 N 0x9c4
0x47a0 N 0x47a4
0x580b878 N 0x580b87c
0x91d24abc N 0x91d24ac0
0x580b878 N 0x580b87c
0x580b878 N 0x580b87c
0x14028 N 0x1402c
0x91d24abc N 0x91d24ac0
0x1ff2afc N 0x1ff2b00
0x47a0 N 0x47a4
0x91d24abc N 0x91d24ac0
0x47a0 N 0x47a4
0x580b878 N 0x580b87c
0xaa16bb8 N 0xaa16bbc
0x580b878 N 0x580b87c
0x3e3d8 N 0x3e3dc
0xf04 N 0xf08
0x47a0 N 0x47a4
0xf04 N 0xf08
0x1ff2afc N 0x1ff2b00
0x361d5410 N 0x361d5414
0xaa16bb8 N 0xaa16bbc
0x1ff2afc N 0x1ff2b00
0x3e3d8 N 0x3e3dc
0x361d5410 N 0x361d5414
0x580b878 N 0x580b87c
0x580b878 T 0xd4
0x9c0 N 0x9c4
0x91d24abc N 0x91d24ac0
0xf04 N 0xf08
0x1ff2afc N 0x1ff2b00
0x14028 N 0x1402c
0x361d5410 N 0x361d5414
0x9c0 N 0x9c4
0x91d24abc N 0x91d24ac0
0xaa16bb8 N 0xaa16bbc
0xaa16bb8 N 0xaa16bbc
0x3e3d8 N 0x3e3dc
0x47a0 N 0x47a4
0xf04 N 0xf08
0x91d24abc N 0x91d24ac0
0x3e3d8 N 0x3e3dc
0x580b878 N 0x580b87c
0x91d24abc N 0x91d24ac0
0x14028 N 0x1402c
0x1ff2afc N 0x1ff2b00
0x361d5410 N 0x361d5414
0x14028 N 0x1402c
0xf04 N 0xf08
0x3e3d8 N 0x3e3dc
0x14028 N 0x1402c
0x14028 N 0x1402c
0x9c0 N 0x9c4
0xf04 N 0xf08
0x1ff2afc N 0x1ff2b00
0xaa16bb8 N 0xaa16bbc
0x361d5410 N 0x361d5414
0x9c0 N 0x9c4
0x580b878 N 0x580b87c
0x1ff2afc N 0x1ff2b00
0x47a0 N 0x47a4
0x3e3d8 N 0x3e3dc
0x14028 N 0x1402c
0x47a0 N 0x47a4
0x580b878 N 0x580b87c
0xf04 N 0xf08
0x14028 N 0x1402c
0x9c0 N 0x9c4
0xf04 N 0xf08
0x1ff2afc N 0x1ff2b00
0x91d24abc N 0x91d24ac0
0x580b878 N 0x580b87c
0x47a0 N 0x47a4
0x3e3d8 N 0x3e3dc
0x361d5410 N 0x361d5414
0x3e3d8 N 0x3e3dc
0xaa16bb8 N 0xaa16bbc
0x9c0 N 0x9c4
0x47a0 N 0x47a4
0x3e3d8 N 0x3e3dc
0x91d24abc N 0x91d24ac0
0x580b878 N 0x580b87c
0x14028 N 0x1402c
0x1ff2afc N 0x1ff2b00
0x361d5410 N 0x361d5414
0x47a0 N 0x47a4
0x14028 N 0x1402c
0x9c0 N 0x9c4
0xaa16bb8 N 0xaa16bbc
0x47a0 N 0x47a4
0x1ff2afc N 0x1ff2b00
0x9c0 N 0x9c4
0x14028 N 0x1402c
0x1ff2afc N 0x1ff2b00
0x9c0 N 0x9c4
0xf04 N 0xf08
0x14028 N 0x1402c
0x47a0 N 0x47a4
0x14028 N 0x1402c
0x91d24abc N 0x91d24ac0
0x580b878 N 0x580b87c
0x580b878 T 0xd4
0x14028 N 0x1402c
0xaa16bb8 N 0xaa16bbc
0x1ff2afc N 0x1ff2b00
0x14028 N 0x1402c
0x9c0 N 0x9c4
0x361d5410 N 0x361d5414
0x47a0 N 0x47a4
0x47a0 T 0x264
0x1ff2afc N 0x1ff2b00
0xf04 N 0xf08
0xf04 T 0x28
0x47a0 N 0x47a4
0x14028 N 0x1402c
0x1ff2afc N 0x1ff2b00
0x47a0 N 0x47a4
0x47a0 N 0x47a4
0x9c0 N 0x9c4
0x91d24abc N 0x91d24ac0
0x47a0 N 0x47a4
0x361d5410 N 0x361d5414
0x9c0 N 0x9c4
0x1ff2afc N 0x1ff2b00
0xf04 N 0xf08
0x14028 N 0x1402c
0x91d24abc N 0x91d24ac0
0x9c0 N 0x9c4
0xf04 N 0xf08
0x3e3d8 N 0x3e3dc
0x9c0 N 0x9c4
0x9c0 N 0x9c4
0x1ff2afc N 0x1ff2b00
0x9c0 N 0x9c4
0x1ff2afc N 0x1ff2b00
0x47a0 N 0x47a4
0x361d5410 N 0x361d5414
0x361d5410 T 0x45b88
0xaa16bb8 N 0xaa16bbc
0x580b878 N 0x580b87c
0x361d5410 N 0x361d5414
0xaa16bb8 N 0xaa16bbc
0x14028 N 0x1402c
0x3e3d8 N 0x3e3dc
0xf04 N 0xf08
0x1ff2afc N 0x1ff2b00
0x1ff2afc T 0x732d4
0xaa16bb8 N 0xaa16bbc
0xf04 N 0xf08
0x3e3d8 N 0x3e3dc
0x9c0 N 0x9c4
0x9c0 N 0x9c4
0x361d5410 N 0x361d5414
0x3e3d8 N 0x3e3dc
0x91d24abc N 0x91d24ac0
0x9c0 N 0x9c4
0x1ff2afc N 0x1ff2b00
0xf04 N 0xf08
0x1ff2afc N 0x1ff2b00
0x9c0 N 0x9c4
0xf04 N 0xf08
0x14028 N 0x1402c
0x1ff2afc N 0x1ff2b00
0x91d24abc N 0x91d24ac0
flush_num: 766, br_num: 1553, size: 184b
