0x4171e90 N 0x4171e94
0xed1c N 0xed20
0xdb0 N 0xdb4
0x6ba8e10 N 0x6ba8e14
0x4829bc N 0x4829c0
0xdb0 N 0xdb4
0x4743118 N 0x474311c
0x611754b0 N 0x611754b4
0xdb0 N 0xdb4
0xf1c N 0xf20
0x4743118 N 0x474311c
0xdb0 N 0xdb4
0xed1c N 0xed20
0x6ba8e10 N 0x6ba8e14
0xdb0 N 0xdb4
0xed1c N 0xed20
0x611754b0 N 0x611754b4
0x611754b0 N 0x611754b4
0x4829bc N 0x4829c0
0x4171e90 N 0x4171e94
0xdb0 N 0xdb4
0x611754b0 N 0x611754b4
0xf1c N 0xf20
0xf1c N 0xf20
0x4743118 N 0x474311c
0x4829bc N 0x4829c0
0x4171e90 N 0x4171e94
0x8f0dff10 N 0x8f0dff14
0x4829bc N 0x4829c0
0x4743118 N 0x474311c
0x611754b0 N 0x611754b4
0x4171e90 N 0x4171e94
0x6ba8e10 N 0x6ba8e14
0x4743118 N 0x474311c
0x4171e90 N 0x4171e94
0x4829bc N 0x4829c0
0xed1c N 0xed20
0x4743118 N 0x474311c
0xed1c N 0xed20
0x4171e90 N 0x4171e94
0x4829bc N 0x4829c0
0xf1c N 0xf20
0x4171e90 N 0x4171e94
0x4171e90 N 0x4171e94
0xed1c N 0xed20
0x8f0dff10 N 0x8f0dff14
0x4171e90 N 0x4171e94
0x8f0dff10 N 0x8f0dff14
0x4171e90 N 0x4171e94
0xdb0 N 0xdb4
0x4171e90 N 0x4171e94
0xf1c N 0xf20
0xf1c N 0xf20
0x8f0dff10 N 0x8f0dff14
0x4829bc N 0x4829c0
0x4829bc N 0x4829c0
0x6ba8e10 N 0x6ba8e14
0x4829bc N 0x4829c0
0x4829bc N 0x4829c0
0x4829bc N 0x4829c0
0x4171e90 N 0x4171e94
0xdb0 N 0xdb4
0x8f0dff10 N 0x8f0dff14
0x4743118 N 0x474311c
0x6ba8e10 N 0x6ba8e14
0x4829bc T 0xdd758498
0x611754b0 N 0x611754b4
0x611754b0 N 0x611754b4
0x4743118 N 0x474311c
0x4743118 N 0x474311c
0xed1c N 0xed20
0x6ba8e10 N 0x6ba8e14
0x611754b0 N 0x611754b4
0x8f0dff10 N 0x8f0dff14
0xed1c N 0xed20
0x6ba8e10 N 0x6ba8e14
0x6ba8e10 N 0x6ba8e14
0x4171e90 N 0x4171e94
0xf1c N 0xf20
0x4829bc N 0x4829c0
0xed1c N 0xed20
0xf1c N 0xf20
0x611754b0 N 0x611754b4
0x4743118 N 0x474311c
0x8f0dff10 N 0x8f0dff14
0x6ba8e10 N 0x6ba8e14
0x6ba8e10 N 0x6ba8e14
0x4743118 N 0x474311c
0xf1c N 0xf20
0xdb0 N 0xdb4
0xdb0 N 0xdb4
0x8f0dff10 N 0x8f0dff14
0x8f0dff10 N 0x8f0dff14
0xed1c N 0xed20
0xed1c T 0x9f4
0xed1c N 0xed20
0x4743118 N 0x474311c
0x6ba8e10 N 0x6ba8e14
0xdb0 N 0xdb4
0xdb0 N 0xdb4
0xf1c N 0xf20
0xed1c N 0xed20
0x6ba8e10 N 0x6ba8e14
0x8f0dff10 N 0x8f0dff14
0x4171e90 N 0x4171e94
0x8f0dff10 N 0x8f0dff14
0x8f0dff10 N 0x8f0dff14
0x4829bc N 0x4829c0
0x6ba8e10 N 0x6ba8e14
0xf1c N 0xf20
0xf1c T 0xe415210
0x4171e90 N 0x4171e94
0xdb0 N 0xdb4
0xdb0 N 0xdb4
0xf1c N 0xf20
0x8f0dff10 N 0x8f0dff14
0x4743118 N 0x474311c
0x6ba8e10 N 0x6ba8e14
0x4171e90 N 0x4171e94
0x4743118 N 0x474311c
0x8f0dff10 N 0x8f0dff14
0x4829bc N 0x4829c0
0xdb0 N 0xdb4
0x8f0dff10 N 0x8f0dff14
0xed1c N 0xed20
0x611754b0 N 0x611754b4
0xdb0 N 0xdb4
0x6ba8e10 N 0x6ba8e14
0x4171e90 N 0x4171e94
0xf1c N 0xf20
0x4171e90 N 0x4171e94
0xf1c N 0xf20
0xf1c N 0xf20
0xed1c N 0xed20
0x4743118 N 0x474311c
0x611754b0 N 0x611754b4
0x4743118 N 0x474311c
0x4829bc N 0x4829c0
0x4743118 N 0x474311c
0x8f0dff10 N 0x8f0dff14
0x6ba8e10 N 0x6ba8e14
0x6ba8e10 N 0x6ba8e14
0x611754b0 N 0x611754b4
0xdb0 N 0xdb4
0x4743118 N 0x474311c
0xf1c N 0xf20
0xdb0 N 0xdb4
0x611754b0 N 0x611754b4
0xed1c N 0xed20
0x6ba8e10 N 0x6ba8e14
0xed1c N 0xed20
0x8f0dff10 N 0x8f0dff14
0x6ba8e10 N 0x6ba8e14
0x611754b0 N 0x611754b4
0x611754b0 T 0xc08
0xf1c N 0xf20
0x6ba8e10 N 0x6ba8e14
0x4829bc N 0x4829c0
0x6ba8e10 N 0x6ba8e14
0x8f0dff10 N 0x8f0dff14
0xed1c N 0xed20
0x4829bc N 0x4829c0
0x611754b0 N 0x611754b4
0xdb0 N 0xdb4
0x611754b0 N 0x611754b4
0xf1c N 0xf20
0x611754b0 N 0x611754b4
0x4171e90 N 0x4171e94
0xf1c N 0xf20
0xdb0 N 0xdb4
0x611754b0 N 0x611754b4
0x4829bc N 0x4829c0
0xf1c N 0xf20
0x6ba8e10 N 0x6ba8e14
0x8f0dff10 N 0x8f0dff14
0x611754b0 N 0x611754b4
0xdb0 N 0xdb4
0xed1c N 0xed20
0xdb0 N 0xdb4
0x4829bc N 0x4829c0
0x4171e90 N 0x4171e94
0x8f0dff10 N 0x8f0dff14
0x8f0dff10 N 0x8f0dff14
0x4171e90 N 0x4171e94
0x611754b0 N 0x611754b4
0xed1c N 0xed20
0x4743118 N 0x474311c
0xdb0 N 0xdb4
0xf1c N 0xf20
0x6ba8e10 N 0x6ba8e14
0xed1c N 0xed20
0xed1c T 0x9f4
0xed1c N 0xed20
0x8f0dff10 N 0x8f0dff14
0x611754b0 N 0x611754b4
0x4743118 N 0x474311c
0x611754b0 N 0x611754b4
0x4171e90 N 0x4171e94
0x8f0dff10 N 0x8f0dff14
0xed1c N 0xed20
0x6ba8e10 N 0x6ba8e14
0x611754b0 N 0x611754b4
0xdb0 N 0xdb4
0x611754b0 N 0x611754b4
0xed1c N 0xed20
0x8f0dff10 N 0x8f0dff14
0x6ba8e10 N 0x6ba8e14
0xdb0 N 0xdb4
0x4829bc N 0x4829c0
0x4171e90 N 0x4171e94
0x4829bc N 0x4829c0
0x4743118 N 0x474311c
0x8f0dff10 N 0x8f0dff14
0xed1c N 0xed20
0xf1c N 0xf20
0x8f0dff10 N 0x8f0dff14
0x4743118 N 0x474311c
0x611754b0 N 0x611754b4
0x4743118 N 0x474311c
0x4743118 N 0x474311c
0x6ba8e10 N 0x6ba8e14
0x4171e90 N 0x4171e94
0x4743118 N 0x474311c
0x4171e90 N 0x4171e94
0xed1c N 0xed20
0x4743118 N 0x474311c
0x4171e90 N 0x4171e94
0x4171e90 N 0x4171e94
0xed1c N 0xed20
0xf1c N 0xf20
0x611754b0 N 0x611754b4
0x4829bc N 0x4829c0
0x4171e90 N 0x4171e94
0x4171e90 N 0x4171e94
0xf1c N 0xf20
0xdb0 N 0xdb4
0x4829bc N 0x4829c0
0x4743118 N 0x474311c
0xdb0 N 0xdb4
0x4743118 N 0x474311c
0xdb0 N 0xdb4
0x6ba8e10 N 0x6ba8e14
0xed1c N 0xed20
0xf1c N 0xf20
0xdb0 N 0xdb4
0x6ba8e10 N 0x6ba8e14
0x8f0dff10 N 0x8f0dff14
0xed1c N 0xed20
0xed1c N 0xed20
0xf1c N 0xf20
0xf1c N 0xf20
0x6ba8e10 N 0x6ba8e14
0xed1c N 0xed20
0xdb0 N 0xdb4
0xdb0 N 0xdb4
0x4743118 N 0x474311c
0x4829bc N 0x4829c0
0x611754b0 N 0x611754b4
0xf1c N 0xf20
0xdb0 N 0xdb4
0xf1c N 0xf20
0x611754b0 N 0x611754b4
0x611754b0 N 0x611754b4
0x611754b0 N 0x611754b4
0xed1c N 0xed20
0xf1c N 0xf20
0xed1c N 0xed20
0x8f0dff10 N 0x8f0dff14
0x4743118 N 0x474311c
0x6ba8e10 N 0x6ba8e14
0x8f0dff10 N 0x8f0dff14
0x6ba8e10 N 0x6ba8e14
0x4743118 N 0x474311c
0x4171e90 N 0x4171e94
0x6ba8e10 N 0x6ba8e14
0xdb0 N 0xdb4
0x4743118 N 0x474311c
0x4743118 T 0xe5f18
0xed1c N 0xed20
0x4171e90 N 0x4171e94
0x611754b0 N 0x611754b4
0x6ba8e10 N 0x6ba8e14
0x611754b0 N 0x611754b4
0x6ba8e10 N 0x6ba8e14
0x611754b0 N 0x611754b4
0x4171e90 N 0x4171e94
0x611754b0 N 0x611754b4
0xf1c N 0xf20
0xed1c N 0xed20
0xf1c N 0xf20
0x4743118 N 0x474311c
0x4829bc N 0x4829c0
0x8f0dff10 N 0x8f0dff14
0xdb0 N 0xdb4
0xdb0 N 0xdb4
0xed1c N 0xed20
0x611754b0 N 0x611754b4
0x4829bc N 0x4829c0
0x4171e90 N 0x4171e94
0x4171e90 N 0x4171e94
0xed1c N 0xed20
0xed1c T 0x9f4
0x4829bc N 0x4829c0
0xf1c N 0xf20
0x4171e90 N 0x4171e94
0x4743118 N 0x474311c
0x8f0dff10 N 0x8f0dff14
0xdb0 N 0xdb4
0x4829bc N 0x4829c0
0x4743118 N 0x474311c
0x4743118 T 0xe5f18
0x611754b0 N 0x611754b4
0x8f0dff10 N 0x8f0dff14
0x4829bc N 0x4829c0
0x6ba8e10 N 0x6ba8e14
0xed1c N 0xed20
0x6ba8e10 N 0x6ba8e14
0xf1c N 0xf20
0x611754b0 N 0x611754b4
0xf1c N 0xf20
0x4171e90 N 0x4171e94
0xed1c N 0xed20
0x6ba8e10 N 0x6ba8e14
0x8f0dff10 N 0x8f0dff14
0x4171e90 N 0x4171e94
0x8f0dff10 N 0x8f0dff14
0xf1c N 0xf20
0x8f0dff10 N 0x8f0dff14
0xed1c N 0xed20
0x6ba8e10 N 0x6ba8e14
0x4171e90 N 0x4171e94
0xed1c N 0xed20
0x611754b0 N 0x611754b4
0x4743118 N 0x474311c
0x611754b0 N 0x611754b4
0x4171e90 N 0x4171e94
0x8f0dff10 N 0x8f0dff14
0x4829bc N 0x4829c0
0x611754b0 N 0x611754b4
0x6ba8e10 N 0x6ba8e14
0x8f0dff10 N 0x8f0dff14
0xdb0 N 0xdb4
0x4171e90 N 0x4171e94
0x4171e90 N 0x4171e94
0xf1c N 0xf20
0x6ba8e10 N 0x6ba8e14
0x6ba8e10 N 0x6ba8e14
0xf1c N 0xf20
0x4171e90 N 0x4171e94
0x4171e90 N 0x4171e94
0xf1c N 0xf20
0xf1c N 0xf20
0x8f0dff10 N 0x8f0dff14
0x611754b0 N 0x611754b4
0xf1c N 0xf20
0x6ba8e10 N 0x6ba8e14
0xdb0 N 0xdb4
0xf1c N 0xf20
0x6ba8e10 N 0x6ba8e14
0x6ba8e10 N 0x6ba8e14
0x4171e90 N 0x4171e94
0x611754b0 N 0x611754b4
0x6ba8e10 N 0x6ba8e14
0x4743118 N 0x474311c
0xf1c N 0xf20
0x6ba8e10 N 0x6ba8e14
0x4743118 N 0x474311c
0xed1c N 0xed20
0x6ba8e10 N 0x6ba8e14
0x8f0dff10 N 0x8f0dff14
0xf1c N 0xf20
0x611754b0 N 0x611754b4
0x6ba8e10 N 0x6ba8e14
0xf1c N 0xf20
0x8f0dff10 N 0x8f0dff14
0x4829bc N 0x4829c0
0xed1c N 0xed20
0xf1c N 0xf20
0x611754b0 N 0x611754b4
0x4829bc N 0x4829c0
0x4829bc N 0x4829c0
0x4743118 N 0x474311c
0x6ba8e10 N 0x6ba8e14
0x611754b0 N 0x611754b4
0x4171e90 N 0x4171e94
0x611754b0 N 0x611754b4
0x6ba8e10 N 0x6ba8e14
0x4171e90 N 0x4171e94
0xf1c N 0xf20
0x4171e90 N 0x4171e94
0x611754b0 N 0x611754b4
0xf1c N 0xf20
0x611754b0 N 0x611754b4
0x8f0dff10 N 0x8f0dff14
0x611754b0 N 0x611754b4
0x4829bc N 0x4829c0
0xf1c N 0xf20
0x4829bc N 0x4829c0
0x4171e90 N 0x4171e94
0x8f0dff10 N 0x8f0dff14
0xed1c N 0xed20
0x611754b0 N 0x611754b4
0x4171e90 N 0x4171e94
0xdb0 N 0xdb4
0xf1c N 0xf20
0xed1c N 0xed20
0xed1c N 0xed20
0xf1c N 0xf20
0x4743118 N 0x474311c
0x4171e90 N 0x4171e94
0x611754b0 N 0x611754b4
0xf1c T 0xe415210
0x4743118 N 0x474311c
0x611754b0 N 0x611754b4
0x4171e90 N 0x4171e94
0xed1c N 0xed20
0x4829bc N 0x4829c0
0x4743118 N 0x474311c
0x6ba8e10 N 0x6ba8e14
0xed1c N 0xed20
0x4171e90 N 0x4171e94
0x611754b0 N 0x611754b4
0x4743118 N 0x474311c
0x4743118 N 0x474311c
0xed1c T 0x9f4
0x4743118 N 0x474311c
0x8f0dff10 N 0x8f0dff14
0x8f0dff10 T 0x30f9030
0x4829bc N 0x4829c0
0xed1c N 0xed20
0x4829bc N 0x4829c0
0x611754b0 N 0x611754b4
0xdb0 N 0xdb4
0xed1c N 0xed20
0x611754b0 N 0x611754b4
0xed1c N 0xed20
0x611754b0 N 0x611754b4
0x8f0dff10 N 0x8f0dff14
0x611754b0 N 0x611754b4
0xed1c N 0xed20
0x4171e90 N 0x4171e94
0xdb0 N 0xdb4
0x4829bc N 0x4829c0
0x8f0dff10 N 0x8f0dff14
0x4171e90 N 0x4171e94
0x4829bc N 0x4829c0
0x4743118 N 0x474311c
0xdb0 N 0xdb4
0x4171e90 N 0x4171e94
0x6ba8e10 N 0x6ba8e14
0x4829bc N 0x4829c0
0xdb0 N 0xdb4
0x4743118 N 0x474311c
0x611754b0 N 0x611754b4
0x8f0dff10 N 0x8f0dff14
0x4829bc N 0x4829c0
0x6ba8e10 N 0x6ba8e14
0xf1c N 0xf20
0x611754b0 N 0x611754b4
0x4743118 N 0x474311c
0xed1c N 0xed20
0x4829bc N 0x4829c0
0x4829bc N 0x4829c0
0x8f0dff10 N 0x8f0dff14
0x8f0dff10 T 0x30f9030
0x8f0dff10 T 0x30f9030
0xf1c N 0xf20
0xed1c N 0xed20
0x6ba8e10 N 0x6ba8e14
0xdb0 N 0xdb4
0xed1c T 0x9f4
0x4171e90 N 0x4171e94
0xf1c N 0xf20
0x6ba8e10 N 0x6ba8e14
0x4171e90 N 0x4171e94
0x6ba8e10 N 0x6ba8e14
0x8f0dff10 N 0x8f0dff14
0x8f0dff10 N 0x8f0dff14
0xf1c N 0xf20
0x8f0dff10 N 0x8f0dff14
0x8f0dff10 N 0x8f0dff14
0x4829bc N 0x4829c0
0x4829bc N 0x4829c0
0xdb0 N 0xdb4
0x6ba8e10 N 0x6ba8e14
0x6ba8e10 N 0x6ba8e14
0x611754b0 N 0x611754b4
0xed1c N 0xed20
0x4171e90 N 0x4171e94
0xf1c N 0xf20
0x6ba8e10 N 0x6ba8e14
0x4171e90 N 0x4171e94
0x4743118 N 0x474311c
0x611754b0 N 0x611754b4
0xf1c N 0xf20
0xf1c N 0xf20
0xf1c T 0xe415210
0xf1c N 0xf20
0x4743118 N 0x474311c
0x4829bc N 0x4829c0
0x4743118 T 0xe5f18
0xdb0 N 0xdb4
0x4743118 N 0x474311c
0x611754b0 N 0x611754b4
0x6ba8e10 N 0x6ba8e14
0x4829bc N 0x4829c0
0x4829bc N 0x4829c0
0xdb0 N 0xdb4
0x4171e90 N 0x4171e94
0xf1c N 0xf20
0x4171e90 T 0x4f8
0x611754b0 N 0x611754b4
0x6ba8e10 N 0x6ba8e14
0x611754b0 N 0x611754b4
0x4829bc N 0x4829c0
0xdb0 N 0xdb4
0x4743118 N 0x474311c
0x4743118 N 0x474311c
0x8f0dff10 N 0x8f0dff14
0x4171e90 N 0x4171e94
0x611754b0 N 0x611754b4
0xdb0 N 0xdb4
0xf1c N 0xf20
0xdb0 N 0xdb4
0xdb0 N 0xdb4
0x6ba8e10 N 0x6ba8e14
0x4171e90 N 0x4171e94
0xed1c N 0xed20
0x4171e90 N 0x4171e94
0xf1c N 0xf20
0x4171e90 T 0x4f8
0x611754b0 N 0x611754b4
0x6ba8e10 N 0x6ba8e14
0xf1c N 0xf20
0x8f0dff10 N 0x8f0dff14
0x611754b0 N 0x611754b4
0x611754b0 N 0x611754b4
0x8f0dff10 N 0x8f0dff14
0xf1c N 0xf20
0x4171e90 N 0x4171e94
0xf1c T 0xe415210
0xf1c N 0xf20
0x4171e90 T 0x4f8
0x611754b0 N 0x611754b4
0xed1c N 0xed20
0x4171e90 N 0x4171e94
0xdb0 N 0xdb4
0xf1c N 0xf20
0xed1c N 0xed20
0x4171e90 N 0x4171e94
0x4829bc N 0x4829c0
0x8f0dff10 N 0x8f0dff14
0xed1c N 0xed20
0xf1c N 0xf20
0xf1c N 0xf20
0x4743118 N 0x474311c
0x6ba8e10 N 0x6ba8e14
0x611754b0 N 0x611754b4
0x4171e90 N 0x4171e94
0x4743118 N 0x474311c
0x6ba8e10 N 0x6ba8e14
0x4829bc N 0x4829c0
0x611754b0 N 0x611754b4
0xf1c N 0xf20
0x611754b0 N 0x611754b4
0x611754b0 T 0xc08
0x4829bc N 0x4829c0
0xf1c N 0xf20
0x4743118 N 0x474311c
0x4829bc N 0x4829c0
0x8f0dff10 N 0x8f0dff14
0x4743118 N 0x474311c
0x6ba8e10 N 0x6ba8e14
0xf1c N 0xf20
0xed1c N 0xed20
0x4171e90 N 0x4171e94
0x4171e90 N 0x4171e94
0x4171e90 T 0x4f8
0xdb0 N 0xdb4
0x4171e90 N 0x4171e94
0xf1c N 0xf20
0x611754b0 N 0x611754b4
0xed1c N 0xed20
0x611754b0 T 0xc08
0xdb0 N 0xdb4
0x4743118 N 0x474311c
0x611754b0 N 0x611754b4
0x4171e90 N 0x4171e94
0x8f0dff10 N 0x8f0dff14
0x611754b0 N 0x611754b4
0x611754b0 T 0xc08
0x4743118 N 0x474311c
0x4171e90 N 0x4171e94
0x4171e90 N 0x4171e94
0x8f0dff10 N 0x8f0dff14
0xf1c N 0xf20
0xed1c N 0xed20
0x6ba8e10 N 0x6ba8e14
0x611754b0 N 0x611754b4
0x611754b0 T 0xc08
0x4171e90 N 0x4171e94
0xdb0 N 0xdb4
0x8f0dff10 N 0x8f0dff14
0x4829bc N 0x4829c0
0x6ba8e10 N 0x6ba8e14
0xdb0 N 0xdb4
0x4743118 N 0x474311c
0x4829bc N 0x4829c0
0xed1c N 0xed20
0x8f0dff10 N 0x8f0dff14
0x4743118 N 0x474311c
0x8f0dff10 N 0x8f0dff14
0x8f0dff10 T 0x30f9030
0xf1c N 0xf20
0xdb0 N 0xdb4
0x6ba8e10 N 0x6ba8e14
0xf1c N 0xf20
0x4171e90 N 0x4171e94
0x6ba8e10 N 0x6ba8e14
0x4743118 N 0x474311c
0x4743118 N 0x474311c
0x4829bc N 0x4829c0
0x8f0dff10 N 0x8f0dff14
0xf1c N 0xf20
0x8f0dff10 T 0x30f9030
0xed1c N 0xed20
0x8f0dff10 N 0x8f0dff14
0x4743118 N 0x474311c
0x4829bc N 0x4829c0
0x8f0dff10 N 0x8f0dff14
0x6ba8e10 N 0x6ba8e14
0x6ba8e10 N 0x6ba8e14
0xf1c N 0xf20
0xdb0 N 0xdb4
0x4743118 N 0x474311c
0xdb0 N 0xdb4
0x4171e90 N 0x4171e94
0x8f0dff10 N 0x8f0dff14
0x8f0dff10 N 0x8f0dff14
0x4171e90 N 0x4171e94
0x4171e90 T 0x4f8
0x4171e90 T 0x4f8
0x4743118 N 0x474311c
0xf1c N 0xf20
0x8f0dff10 N 0x8f0dff14
0x4171e90 N 0x4171e94
0x4171e90 N 0x4171e94
0x4171e90 T 0x4f8
0xed1c N 0xed20
0xed1c N 0xed20
0x611754b0 N 0x611754b4
0x4743118 N 0x474311c
0xed1c N 0xed20
0x4829bc N 0x4829c0
0x4829bc N 0x4829c0
0x611754b0 N 0x611754b4
0x8f0dff10 N 0x8f0dff14
0xed1c N 0xed20
0x4743118 N 0x474311c
0x8f0dff10 N 0x8f0dff14
0x6ba8e10 N 0x6ba8e14
0x4829bc N 0x4829c0
0x4829bc T 0xdd758498
0x611754b0 N 0x611754b4
0x6ba8e10 N 0x6ba8e14
0x611754b0 N 0x611754b4
0x611754b0 N 0x611754b4
0xed1c N 0xed20
0x4829bc N 0x4829c0
0x4743118 N 0x474311c
0x8f0dff10 N 0x8f0dff14
0xdb0 N 0xdb4
0xf1c N 0xf20
0xed1c N 0xed20
0xdb0 T 0x98cc
0x8f0dff10 N 0x8f0dff14
0x611754b0 N 0x611754b4
0x611754b0 T 0xc08
0x4171e90 N 0x4171e94
0x4743118 N 0x474311c
0xf1c N 0xf20
0x4743118 T 0xe5f18
0x611754b0 N 0x611754b4
0x8f0dff10 N 0x8f0dff14
0x4171e90 N 0x4171e94
0x4743118 N 0x474311c
0x4171e90 N 0x4171e94
0x8f0dff10 N 0x8f0dff14
0x611754b0 N 0x611754b4
0x4743118 N 0x474311c
0x4743118 T 0xe5f18
0xf1c N 0xf20
0x8f0dff10 N 0x8f0dff14
0x6ba8e10 N 0x6ba8e14
0x4829bc N 0x4829c0
0x4829bc T 0xdd758498
0xed1c N 0xed20
0xdb0 N 0xdb4
0x4743118 N 0x474311c
0xed1c N 0xed20
flush_num: 343, br_num: 700, size: 380b
